******************************************************************************
                  TI ARM Linker PC v18.12.2                    
******************************************************************************
>> Linked Fri Nov  1 10:14:37 2019

OUTPUT FILE NAME:   <uart_pc_echo_12mhz_brclk_MSP_EXP432P401R_nortos_ccs.out>
ENTRY POINT SYMBOL: "_c_int00_noinit_noargs"  address: 0000040d


MEMORY CONFIGURATION

         name            origin    length      used     unused   attr    fill
----------------------  --------  ---------  --------  --------  ----  --------
  MAIN                  00000000   00040000  000004b6  0003fb4a  R  X
  INFO                  00200000   00004000  00000000  00004000  R  X
  SRAM_CODE             01000000   00010000  00000200  0000fe00  RW X
  SRAM_DATA             20000000   00010000  00000200  0000fe00  RW  


SEGMENT ALLOCATION MAP

run origin  load origin   length   init length attrs members
----------  ----------- ---------- ----------- ----- -------
00000000    00000000    000004b8   000004b8    r-x
  00000000    00000000    000000e4   000000e4    r-- .intvecs
  000000e4    000000e4    00000382   00000382    r-x .text
  00000468    00000468    00000050   00000050    r-- .const
2000fe00    2000fe00    00000200   00000000    rw-
  2000fe00    2000fe00    00000200   00000000    rw- .stack


SECTION ALLOCATION MAP

 output                                  attributes/
section   page    origin      length       input sections
--------  ----  ----------  ----------   ----------------
.intvecs   0    00000000    000000e4     
                  00000000    000000e4     startup_msp432p401r_ccs.obj (.intvecs:retain)

.text      0    000000e4    00000382     
                  000000e4    0000011c     msp432p4xx_driverlib.lib : uart.o (.text:UART_initModule)
                  00000200    000000b4     uart_pc_echo_12mhz_brclk.obj (.text:main)
                  000002b4    00000078     system_msp432p401r.obj (.text:SystemInit)
                  0000032c    00000064     msp432p4xx_driverlib.lib : uart.o (.text:UART_getEnabledInterruptStatus)
                  00000390    00000048     uart_pc_echo_12mhz_brclk.obj (.text:EUSCIA2_IRQHandler)
                  000003d8    00000034     msp432p4xx_driverlib.lib : cs.o (.text:CS_setDCOCenteredFrequency)
                  0000040c    0000002c     rtsv7M4_T_le_v4SPD16_eabi.lib : boot_cortex_m.c.obj (.text:_c_int00_noinit_noargs:_c_int00_noinit_noargs)
                  00000438    00000018     msp432p4xx_driverlib.lib : uart.o (.text:UART_getInterruptStatus)
                  00000450    0000000c     startup_msp432p401r_ccs.obj (.text:Reset_Handler)
                  0000045c    00000004     rtsv7M4_T_le_v4SPD16_eabi.lib : pre_init.c.obj (.text:_system_pre_init)
                  00000460    00000004                                   : exit.c.obj (.text:abort:abort)
                  00000464    00000002     startup_msp432p401r_ccs.obj (.text:Default_Handler)

.const     0    00000468    00000050     
                  00000468    00000028     uart_pc_echo_12mhz_brclk.obj (.const:uart2Config)
                  00000490    00000028     uart_pc_echo_12mhz_brclk.obj (.const:uartConfig)

.cinit     0    00000000    00000000     UNINITIALIZED

.init_array 
*          0    00000000    00000000     UNINITIALIZED

.binit     0    00000000    00000000     

.stack     0    2000fe00    00000200     UNINITIALIZED
                  2000fe00    00000004     rtsv7M4_T_le_v4SPD16_eabi.lib : boot_cortex_m.c.obj (.stack)
                  2000fe04    000001fc     --HOLE--

MODULE SUMMARY

       Module                         code   ro data   rw data
       ------                         ----   -------   -------
    .\
       uart_pc_echo_12mhz_brclk.obj   252    80        0      
       system_msp432p401r.obj         120    0         0      
    +--+------------------------------+------+---------+---------+
       Total:                         372    80        0      
                                                              
    .\ccs\
       startup_msp432p401r_ccs.obj    14     228       0      
    +--+------------------------------+------+---------+---------+
       Total:                         14     228       0      
                                                              
    C:/ti/simplelink_msp432p4_sdk_3_30_00_13/source/ti/devices/msp432p4xx/driverlib/ccs/msp432p4xx_driverlib.lib
       uart.o                         408    0         0      
       cs.o                           52     0         0      
    +--+------------------------------+------+---------+---------+
       Total:                         460    0         0      
                                                              
    C:\ti\ccs910\ccs\tools\compiler\ti-cgt-arm_18.12.2.LTS\lib\rtsv7M4_T_le_v4SPD16_eabi.lib
       boot_cortex_m.c.obj            44     0         0      
       exit.c.obj                     4      0         0      
       pre_init.c.obj                 4      0         0      
    +--+------------------------------+------+---------+---------+
       Total:                         52     0         0      
                                                              
       Stack:                         0      0         1024   
    +--+------------------------------+------+---------+---------+
       Grand Total:                   898    308       1024   


GLOBAL SYMBOLS: SORTED ALPHABETICALLY BY Name 

address   name                          
-------   ----                          
00000465  ADC14_IRQHandler              
00000465  AES256_IRQHandler             
00000465  BusFault_Handler              
00000461  C$$EXIT                       
00000465  COMP_E0_IRQHandler            
00000465  COMP_E1_IRQHandler            
00000465  CS_IRQHandler                 
000003d9  CS_setDCOCenteredFrequency    
00000465  DMA_ERR_IRQHandler            
00000465  DMA_INT0_IRQHandler           
00000465  DMA_INT1_IRQHandler           
00000465  DMA_INT2_IRQHandler           
00000465  DMA_INT3_IRQHandler           
00000465  DebugMon_Handler              
00000465  Default_Handler               
00000465  EUSCIA0_IRQHandler            
00000465  EUSCIA1_IRQHandler            
00000391  EUSCIA2_IRQHandler            
00000391  EUSCIA2_IRQHandler            
00000465  EUSCIA3_IRQHandler            
00000465  EUSCIB0_IRQHandler            
00000465  EUSCIB1_IRQHandler            
00000465  EUSCIB2_IRQHandler            
00000465  EUSCIB3_IRQHandler            
00000465  FLCTL_IRQHandler              
00000465  FPU_IRQHandler                
00000465  HardFault_Handler             
00000465  MemManage_Handler             
00000465  NMI_Handler                   
00000465  PCM_IRQHandler                
00000465  PORT1_IRQHandler              
00000465  PORT2_IRQHandler              
00000465  PORT3_IRQHandler              
00000465  PORT4_IRQHandler              
00000465  PORT5_IRQHandler              
00000465  PORT6_IRQHandler              
00000465  PSS_IRQHandler                
00000465  PendSV_Handler                
00000465  RTC_C_IRQHandler              
00000451  Reset_Handler                 
00000465  SVC_Handler                   
00000465  SysTick_Handler               
000002b5  SystemInit                    
00000465  T32_INT1_IRQHandler           
00000465  T32_INT2_IRQHandler           
00000465  T32_INTC_IRQHandler           
00000465  TA0_0_IRQHandler              
00000465  TA0_N_IRQHandler              
00000465  TA1_0_IRQHandler              
00000465  TA1_N_IRQHandler              
00000465  TA2_0_IRQHandler              
00000465  TA2_N_IRQHandler              
00000465  TA3_0_IRQHandler              
00000465  TA3_N_IRQHandler              
0000032d  UART_getEnabledInterruptStatus
00000439  UART_getInterruptStatus       
000000e5  UART_initModule               
00000465  UsageFault_Handler            
4000480c  WDTCTL_SYM                    
00000465  WDT_A_IRQHandler              
20010000  __STACK_END                   
00000200  __STACK_SIZE                  
ffffffff  __TI_pprof_out_hndl           
ffffffff  __TI_prof_data_size           
ffffffff  __TI_prof_data_start          
00000000  __TI_static_base__            
ffffffff  __binit__                     
ffffffff  __c_args__                    
UNDEFED   __mpu_init                    
2000fe00  __stack                       
0000040d  _c_int00_noinit_noargs        
0000045d  _system_pre_init              
00000461  abort                         
ffffffff  binit                         
00000000  interruptVectors              
00000201  main                          
00000468  uart2Config                   
00000490  uartConfig                    


GLOBAL SYMBOLS: SORTED BY Symbol Address 

address   name                          
-------   ----                          
00000000  __TI_static_base__            
00000000  interruptVectors              
000000e5  UART_initModule               
00000200  __STACK_SIZE                  
00000201  main                          
000002b5  SystemInit                    
0000032d  UART_getEnabledInterruptStatus
00000391  EUSCIA2_IRQHandler            
00000391  EUSCIA2_IRQHandler            
000003d9  CS_setDCOCenteredFrequency    
0000040d  _c_int00_noinit_noargs        
00000439  UART_getInterruptStatus       
00000451  Reset_Handler                 
0000045d  _system_pre_init              
00000461  C$$EXIT                       
00000461  abort                         
00000465  ADC14_IRQHandler              
00000465  AES256_IRQHandler             
00000465  BusFault_Handler              
00000465  COMP_E0_IRQHandler            
00000465  COMP_E1_IRQHandler            
00000465  CS_IRQHandler                 
00000465  DMA_ERR_IRQHandler            
00000465  DMA_INT0_IRQHandler           
00000465  DMA_INT1_IRQHandler           
00000465  DMA_INT2_IRQHandler           
00000465  DMA_INT3_IRQHandler           
00000465  DebugMon_Handler              
00000465  Default_Handler               
00000465  EUSCIA0_IRQHandler            
00000465  EUSCIA1_IRQHandler            
00000465  EUSCIA3_IRQHandler            
00000465  EUSCIB0_IRQHandler            
00000465  EUSCIB1_IRQHandler            
00000465  EUSCIB2_IRQHandler            
00000465  EUSCIB3_IRQHandler            
00000465  FLCTL_IRQHandler              
00000465  FPU_IRQHandler                
00000465  HardFault_Handler             
00000465  MemManage_Handler             
00000465  NMI_Handler                   
00000465  PCM_IRQHandler                
00000465  PORT1_IRQHandler              
00000465  PORT2_IRQHandler              
00000465  PORT3_IRQHandler              
00000465  PORT4_IRQHandler              
00000465  PORT5_IRQHandler              
00000465  PORT6_IRQHandler              
00000465  PSS_IRQHandler                
00000465  PendSV_Handler                
00000465  RTC_C_IRQHandler              
00000465  SVC_Handler                   
00000465  SysTick_Handler               
00000465  T32_INT1_IRQHandler           
00000465  T32_INT2_IRQHandler           
00000465  T32_INTC_IRQHandler           
00000465  TA0_0_IRQHandler              
00000465  TA0_N_IRQHandler              
00000465  TA1_0_IRQHandler              
00000465  TA1_N_IRQHandler              
00000465  TA2_0_IRQHandler              
00000465  TA2_N_IRQHandler              
00000465  TA3_0_IRQHandler              
00000465  TA3_N_IRQHandler              
00000465  UsageFault_Handler            
00000465  WDT_A_IRQHandler              
00000468  uart2Config                   
00000490  uartConfig                    
2000fe00  __stack                       
20010000  __STACK_END                   
4000480c  WDTCTL_SYM                    
ffffffff  __TI_pprof_out_hndl           
ffffffff  __TI_prof_data_size           
ffffffff  __TI_prof_data_start          
ffffffff  __binit__                     
ffffffff  __c_args__                    
ffffffff  binit                         
UNDEFED   __mpu_init                    

[78 symbols]
