******************************************************************************
                  TI ARM Linker PC v18.12.3                    
******************************************************************************
>> Linked Fri Nov 29 09:50:43 2019

OUTPUT FILE NAME:   <uartecho_MSP_EXP432P401R_tirtos_ccs.out>
ENTRY POINT SYMBOL: "_c_int00"  address: 00006b41


MEMORY CONFIGURATION

         name            origin    length      used     unused   attr    fill
----------------------  --------  ---------  --------  --------  ----  --------
  MAIN                  00000000   00040000  00009ad4  0003652c  R  X
  INFO                  00200000   00004000  00000000  00004000  R  X
  SRAM_CODE             01000000   00010000  0000a390  00005c70  RW X
  SRAM_DATA             20000000   00010000  0000a390  00005c70  RW  


SEGMENT ALLOCATION MAP

run origin  load origin   length   init length attrs members
----------  ----------- ---------- ----------- ----- -------
00000000    00000000    00009ae0   00009ae0    r-x
  00000000    00000000    0000003c   0000003c    r-- .resetVecs
  00000040    00000040    000091d2   000091d2    r-x .text
  00009214    00009214    0000066e   0000066e    r-- .const
  00009888    00009888    00000258   00000258    r-- .cinit
20000140    20000140    00008000   00000000    r--
  20000140    20000140    00008000   00000000    r-- .priheap
20008140    20008140    00001e53   00000000    rw-
  20008140    20008140    000017dd   00000000    rw- .bss
  20009920    20009920    00000673   00000000    rw- .data
2000fc00    2000fc00    00000400   00000000    rw-
  2000fc00    2000fc00    00000400   00000000    rw- .stack


SECTION ALLOCATION MAP

 output                                  attributes/
section   page    origin      length       input sections
--------  ----  ----------  ----------   ----------------
.text      0    00000040    000091d2     
                  00000040    00000470     app.obj (.text:RobotClimb)
                  000004b0    00000468     sysbios.aem4f : BIOS.obj (.text:xdc_runtime_System_doPrint__I)
                  00000918    00000348     app.obj (.text:RobotStandup)
                  00000c60    000002f8     drivers_msp432p401x.aem4f : PowerMSP432.oem4f (.text:Power_sleep)
                  00000f58    000002d0                               : UARTMSP432.oem4f (.text:UARTMSP432_open)
                  00001228    000002c8     app.obj (.text:RobotRaiseup)
                  000014f0    0000028a     msp432p4xx_driverlib.lib : pcm.o (.text:__PCM_setPowerStateAdvanced)
                  0000177a    00000002     ti_drivers_config.obj (.text:Board_initHook)
                  0000177c    00000288     drivers_msp432p401x.aem4f : PowerMSP432.oem4f (.text:initPerfControl)
                  00001a04    00000206     app.obj (.text:RobotLeft)
                  00001c0a    00000002     drivers_msp432p401x.aem4f : I2CMSP432.oem4f (.text:I2CMSP432_init)
                  00001c0c    000001f8                               : I2CMSP432.oem4f (.text:I2CMSP432_open)
                  00001e04    000001e8     app.obj (.text:RobotRight)
                  00001fec    000001d4     main_tirtos.obj (.text:main)
                  000021c0    000001b6     rtsv7M4_T_le_v4SPD16_eabi.lib : fd_add_t2.asm.obj (.text)
                  00002376    00000002     dpl_msp432p401x.aem4f : PowerMSP432_tirtos.oem4f (.text:PowerMSP432_initPolicy)
                  00002378    0000018c     release_pem4f.oem4f (.text:xdc_runtime_System_printfExtend__I)
                  00002504    00000184     drivers_msp432p401x.aem4f : I2CMSP432.oem4f (.text:I2CMSP432_hwiIntFxn)
                  00002688    00000170                               : GPIOMSP432.oem4f (.text:GPIO_setConfig)
                  000027f8    0000015c     msp432p4xx_driverlib.lib : pcm.o (.text:__PCM_setPowerModeAdvanced)
                  00002954    0000014c     drivers_msp432p401x.aem4f : TimerMSP432.oem4f (.text:TimerMSP432_open)
                  00002aa0    00000138     app.obj (.text:RobotRun)
                  00002bd8    00000136     rtsv7M4_T_le_v4SPD16_eabi.lib : fd_div_t2.asm.obj (.text)
                  00002d0e    00000002     drivers_msp432p401x.aem4f : TimerMSP432.oem4f (.text:TimerMSP432_init)
                  00002d10    00000130     msp432p4xx_driverlib.lib : cs.o (.text:CS_initClockSignal)
                  00002e40    00000130     sysbios.aem4f : BIOS.obj (.text:ti_sysbios_knl_Semaphore_pend__E)
                  00002f70    0000011c     msp432p4xx_driverlib.lib : uart.o (.text:UART_initModule)
                  0000308c    0000011c     pca9685.obj (.text:pca_setfreq)
                  000031a8    0000011c     drivers_msp432p401x.aem4f : I2CMSP432.oem4f (.text:primeTransfer)
                  000032c4    00000108     msp432p4xx_driverlib.lib : pcm.o (.text:__PCM_setCoreVoltageLevelAdvanced)
                  000033cc    00000004                              : cpu.o (.text:CPU_wfi)
                  000033d0    00000108     sysbios.aem4f : BIOS.obj (.text:ti_sysbios_knl_Task_postInit__I)
                  000034d8    00000108                   : BIOS.obj (.text:xdc_runtime_Startup_startMods__I)
                  000035e0    00000104     main_tirtos.obj (.text:USThread)
                  000036e4    00000004     dpl_msp432p401x.aem4f : ClockP_tirtos.oem4f (.text:ClockP_setTimeout)
                  000036e8    00000104     sysbios.aem4f : BIOS.obj (.text:ti_sysbios_knl_Task_Instance_finalize__E)
                  000037ec    00000100     app.obj (.text:RobotProcess)
                  000038ec    000000fc     rtsv7M4_T_le_v4SPD16_eabi.lib : fd_mul_t2.asm.obj (.text)
                  000039e8    000000f8                                   : s_floor.c.obj (.text:floor)
                  00003ae0    000000f8     sysbios.aem4f : BIOS.obj (.text:ti_sysbios_family_arm_msp432_init_Boot_configureClocksHigh)
                  00003bd8    000000f0     drivers_msp432p401x.aem4f : I2CMSP432.oem4f (.text:I2CMSP432_transfer)
                  00003cc8    000000f0     sysbios.aem4f : m3_Hwi_asm.obj (.text:ti_sysbios_family_arm_m3_Hwi_dispatch__I)
                  00003db8    000000e8     main_tirtos.obj (.text:PCAThread)
                  00003ea0    000000e4     msp432p4xx_driverlib.lib : cs.o (.text:CS_startHFXTWithTimeout)
                  00003f84    00000004     dpl_msp432p401x.aem4f : ClockP_tirtos.oem4f (.text:ClockP_start)
                  00003f88    000000e4     sysbios.aem4f : BIOS.obj (.text:ti_sysbios_knl_Task_Instance_init__E)
                  0000406c    000000e0     msp432p4xx_driverlib.lib : cs.o (.text:CS_startLFXTWithTimeout)
                  0000414c    000000dc     drivers_msp432p401x.aem4f : UARTMSP432.oem4f (.text:UARTMSP432_readPolling)
                  00004228    000000dc     msp432p4xx_driverlib.lib : cs.o (.text:_CSGetHFXTFrequency)
                  00004304    00000004     dpl_msp432p401x.aem4f : ClockP_tirtos.oem4f (.text:ClockP_stop)
                  00004308    000000d0     sysbios.aem4f : BIOS.obj (.text:ti_sysbios_heaps_HeapMem_alloc__E)
                  000043d8    000000c8     drivers_msp432p401x.aem4f : TimerMSP432.oem4f (.text:TimerMSP432_start)
                  000044a0    000000c8     main_tirtos.obj (.text:scanBottom)
                  00004568    000000c8     main_tirtos.obj (.text:scanTop)
                  00004630    000000c0     drivers_msp432p401x.aem4f : UARTMSP432.oem4f (.text:UARTMSP432_hwiIntFxn)
                  000046f0    000000bc                               : TimerMSP432.oem4f (.text:TimerMSP432_setPeriod)
                  000047ac    000000b8                               : UARTMSP432.oem4f (.text:initHw)
                  00004864    000000b8                               : UARTMSP432.oem4f (.text:readTaskCallback)
                  0000491c    00000004     dpl_msp432p401x.aem4f : HwiP_tirtos.oem4f (.text:HwiP_disable)
                  00004920    000000b8     sysbios.aem4f : BIOS.obj (.text:ti_sysbios_family_arm_m3_Hwi_Instance_init__E)
                  000049d8    000000b4     drivers_msp432p401x.aem4f : UARTMSP432.oem4f (.text:UARTMSP432_control)
                  00004a8c    000000b4                               : UARTMSP432.oem4f (.text:UARTMSP432_writePolling)
                  00004b40    000000ac                               : GPIOMSP432.oem4f (.text:GPIO_init)
                  00004bec    000000ac                               : I2CMSP432.oem4f (.text:I2CMSP432_cancel)
                  00004c98    000000ac     myiic.obj (.text:IIC_Send_Byte)
                  00004d44    000000a8     drivers_msp432p401x.aem4f : UARTMSP432.oem4f (.text:readTaskBlocking)
                  00004dec    00000004     dpl_msp432p401x.aem4f : SemaphoreP_tirtos.oem4f (.text:SemaphoreP_post)
                  00004df0    000000a8     sysbios.aem4f : BIOS.obj (.text:ti_sysbios_family_arm_msp432_Timer_periodicStub__E)
                  00004e98    000000a6                   : BIOS.obj (.text:xdc_runtime_Core_createObject__I)
                  00004f3e    00000002     drivers_msp432p401x.aem4f : UARTMSP432.oem4f (.text:UARTMSP432_init)
                  00004f40    000000a4                               : TimerMSP432.oem4f (.text:initTimerHardware)
                  00004fe4    000000a0     myiic.obj (.text:IIC_Read_Byte)
                  00005084    000000a0     drivers_msp432p401x.aem4f : UARTMSP432.oem4f (.text:UARTMSP432_write)
                  00005124    000000a0     auto_init.aem4f : auto_init.oem4f (.text)
                  000051c4    000000a0     drivers_msp432p401x.aem4f : UARTMSP432.oem4f (.text:readIsrTextCallback)
                  00005264    0000009c                               : PowerMSP432.oem4f (.text:Power_init)
                  00005300    0000009c     rtsv7M4_T_le_v4SPD16_eabi.lib : memcpy_t2.asm.obj (.text)
                  0000539c    0000009c     drivers_msp432p401x.aem4f : TimerMSP432.oem4f (.text:setT32TickCount)
                  00005438    0000009c                               : TimerMSP432.oem4f (.text:setTATickCount)
                  000054d4    00000004     release_pem4f.oem4f (.text:ti_sysbios_BIOS_RtsGateProxy_enter__E)
                  000054d8    00000094     sysbios.aem4f : BIOS.obj (.text:ti_sysbios_family_arm_m3_Hwi_initNVIC__E)
                  0000556c    00000004     release_pem4f.oem4f (.text:ti_sysbios_BIOS_RtsGateProxy_leave__E)
                  00005570    00000094     sysbios.aem4f : BIOS.obj (.text:ti_sysbios_knl_Task_exit__E)
                  00005604    00000092     drivers_msp432p401x.aem4f : UARTMSP432.oem4f (.text:UARTMSP432_close)
                  00005696    00000092                               : UARTMSP432.oem4f (.text:writeData)
                  00005728    00000090     sysbios.aem4f : BIOS.obj (.text:ti_sysbios_knl_Task_Module_startup__E)
                  000057b8    0000008c     drivers_msp432p401x.aem4f : TimerMSP432.oem4f (.text:TimerMSP432_stop)
                  00005844    0000008c                               : UARTMSP432.oem4f (.text:readIsrTextBlocking)
                  000058d0    0000008c     sysbios.aem4f : m3_TaskSupport_asm.obj (.text:ti_sysbios_family_arm_m3_TaskSupport_buildTaskStack)
                  0000595c    00000004     release_pem4f.oem4f (.text:ti_sysbios_family_arm_m3_Hwi_delete)
                  00005960    0000008c     sysbios.aem4f : BIOS.obj (.text:xdc_runtime_Memory_alloc__E)
                  000059ec    00000086     rtsv7M4_T_le_v4SPD16_eabi.lib : fd_cmp_t2.asm.obj (.text:__aeabi_cdcmple)
                  00005a72    00000086                                   : fd_cmp_t2.asm.obj (.text:__aeabi_cdrcmple)
                  00005af8    00000086     sysbios.aem4f : BIOS.obj (.text:xdc_runtime_Core_constructObject__I)
                  00005b7e    00000002     rtsv7M4_T_le_v4SPD16_eabi.lib : _lock.c.obj (.text:_nop)
                  00005b80    00000084     myiic.obj (.text:IIC_Wait_Ack)
                  00005c04    00000084     msp432p4xx_driverlib.lib : pcm.o (.text:PCM_gotoLPM3)
                  00005c88    00000084     drivers_msp432p401x.aem4f : PowerMSP432.oem4f (.text:restartHFXT)
                  00005d0c    00000004     release_pem4f.oem4f (.text:ti_sysbios_family_arm_m3_TaskSupport_Module__startupDone__S)
                  00005d10    00000084     sysbios.aem4f : BIOS.obj (.text:ti_sysbios_family_arm_m3_Hwi_postInit__I)
                  00005d94    00000004     release_pem4f.oem4f (.text:ti_sysbios_heaps_HeapMem_Module_GateProxy_enter__E)
                  00005d98    00000084     sysbios.aem4f : BIOS.obj (.text:ti_sysbios_heaps_HeapMem_free__E)
                  00005e1c    00000080     app.obj (.text:RobotPrepare)
                  00005e9c    00000004     release_pem4f.oem4f (.text:ti_sysbios_heaps_HeapMem_Module_GateProxy_leave__E)
                  00005ea0    00000080     sysbios.aem4f : BIOS.obj (.text:ti_sysbios_knl_Clock_workFunc__E)
                  00005f20    0000007c     app.obj (.text:RobotHalfStand)
                  00005f9c    0000007a     rtsv7M4_T_le_v4SPD16_eabi.lib : memset_t2.asm.obj (.text)
                  00006016    00000002                                   : div0.asm.obj (.text)
                  00006018    00000078     main_tirtos.obj (.text:BTThread)
                  00006090    00000078     drivers_msp432p401x.aem4f : TimerMSP432.oem4f (.text:TimerMSP432_allocateTimerResource)
                  00006108    00000076                               : I2CMSP432.oem4f (.text:I2CMSP432_close)
                  0000617e    00000002     release_pem4f.oem4f (.text:ti_sysbios_BIOS_nullFunc__I)
                  00006180    00000075     sysbios.aem4f : BIOS.obj (.text:xdc_runtime_System_formatNum__I)
                  000061f5    00000003     --HOLE-- [fill = 0]
                  000061f8    00000070                   : BIOS.obj (.text:ti_sysbios_heaps_HeapMem_initPrimary__I)
                  00006268    0000006c     msp432p4xx_driverlib.lib : i2c.o (.text:I2C_masterSendMultiByteFinish)
                  000062d4    00000004     release_pem4f.oem4f (.text:ti_sysbios_knl_Clock_TimerProxy_getMaxTicks__E)
                  000062d8    0000006c     sysbios.aem4f : BIOS.obj (.text:ti_sysbios_knl_Swi_restoreHwi__E)
                  00006344    00000068     drivers_msp432p401x.aem4f : GPIOMSP432.oem4f (.text:GPIO_hwiIntFxn)
                  000063ac    00000068                               : PowerMSP432.oem4f (.text:PowerMSP432_getFreqs)
                  00006414    00000068                               : UARTMSP432.oem4f (.text:UARTMSP432_writeCancel)
                  0000647c    00000068     rtsv7M4_T_le_v4SPD16_eabi.lib : copy_decompress_lzss.c.obj (.text:decompress:lzss:__TI_decompress_lzss)
                  000064e4    00000068     drivers_msp432p401x.aem4f : I2CMSP432.oem4f (.text:initHw)
                  0000654c    00000004     release_pem4f.oem4f (.text:ti_sysbios_knl_Clock_delete)
                  00006550    00000066     sysbios.aem4f : BIOS.obj (.text:xdc_runtime_Core_deleteObject__I)
                  000065b6    00000002     --HOLE-- [fill = 0]
                  000065b8    00000064                   : BIOS.obj (.text:ti_sysbios_family_arm_m3_Hwi_dispatchC__I)
                  0000661c    00000060     drivers_msp432p401x.aem4f : GPIOMSP432.oem4f (.text:GPIO_setCallback)
                  0000667c    00000004     release_pem4f.oem4f (.text:ti_sysbios_knl_Semaphore_delete)
                  00006680    00000060     sysbios.aem4f : BIOS.obj (.text:ti_sysbios_knl_Semaphore_post__E)
                  000066e0    00000060                   : BIOS.obj (.text:ti_sysbios_knl_Swi_run__I)
                  00006740    0000005e     msp432p4xx_driverlib.lib : pcm.o (.text:PCM_getCoreVoltageLevel)
                  0000679e    00000002     --HOLE-- [fill = 0]
                  000067a0    0000005c     myiic.obj (.text:IIC_Ack)
                  000067fc    0000005c     myiic.obj (.text:IIC_NAck)
                  00006858    0000005c     myiic.obj (.text:IIC_Start)
                  000068b4    0000005c     myiic.obj (.text:IIC_Stop)
                  00006910    0000005c     pca9685.obj (.text:pca_setpwm)
                  0000696c    00000004     release_pem4f.oem4f (.text:ti_sysbios_knl_Task_delete)
                  00006970    0000005c     sysbios.aem4f : BIOS.obj (.text:ti_sysbios_knl_Swi_schedule__I)
                  000069cc    00000004     release_pem4f.oem4f (.text:xdc_runtime_System_Module_GateProxy_enter__E)
                  000069d0    0000005c     sysbios.aem4f : BIOS.obj (.text:ti_sysbios_knl_Task_startCore__E)
                  00006a2c    00000004     release_pem4f.oem4f (.text:xdc_runtime_System_Module_GateProxy_leave__E)
                  00006a30    0000005c     sysbios.aem4f : BIOS.obj (.text:xdc_runtime_Startup_exec__E)
                  00006a8c    0000005a     msp432p4xx_driverlib.lib : pcm.o (.text:PCM_getPowerMode)
                  00006ae6    00000002     --HOLE-- [fill = 0]
                  00006ae8    00000058     rtsv7M4_T_le_v4SPD16_eabi.lib : hostwrite.c.obj (.text:HOSTwrite)
                  00006b40    00000058     boot.aem4f : boot.oem4f (.text)
                  00006b98    00000058     drivers_msp432p401x.aem4f : UARTMSP432.oem4f (.text:readIsrBinaryBlocking)
                  00006bf0    00000058     sysbios.aem4f : m3_Hwi_asm_switch.obj (.text:ti_sysbios_family_arm_m3_Hwi_initStacks__E)
                  00006c48    00000056     drivers_msp432p401x.aem4f : I2CMSP432.oem4f (.text:completeTransfer)
                  00006c9e    00000002     --HOLE-- [fill = 0]
                  00006ca0    00000054     msp432p4xx_driverlib.lib : pcm.o (.text:PCM_shutdownDevice)
                  00006cf4    00000054     drivers_msp432p401x.aem4f : TimerMSP432.oem4f (.text:TimerMSP432_freeTimerResource)
                  00006d48    00000054     release_pem4f.oem4f (.text:ti_sysbios_family_arm_m3_Hwi_create)
                  00006d9c    00000004     --HOLE-- [fill = 0]
                  00006da0    00000054     sysbios.aem4f : BIOS.obj (.text:ti_sysbios_family_arm_msp432_Timer_initDevice__I)
                  00006df4    00000004     --HOLE-- [fill = 0]
                  00006df8    00000054                   : BIOS.obj (.text:xdc_runtime_Core_assignLabel__I)
                  00006e4c    00000050     dpl_msp432p401x.aem4f : ClockP_tirtos.oem4f (.text:ClockP_create)
                  00006e9c    00000050     drivers_msp432p401x.aem4f : TimerMSP432.oem4f (.text:TimerMSP432_hwiIntFunction)
                  00006eec    00000004     --HOLE-- [fill = 0]
                  00006ef0    00000050     sysbios.aem4f : BIOS.obj (.text:ti_sysbios_family_arm_m3_Hwi_Module_startup__E)
                  00006f40    0000004e     drivers_msp432p401x.aem4f : TimerMSP432.oem4f (.text:TimerMSP432_close)
                  00006f8e    00000002     --HOLE-- [fill = 0]
                  00006f90    0000004c     dpl_msp432p401x.aem4f : PowerMSP432_tirtos.oem4f (.text:PowerMSP432_sleepPolicy)
                  00006fdc    0000004c     rtsv7M4_T_le_v4SPD16_eabi.lib : cpy_tbl.c.obj (.text:copy_in)
                  00007028    0000004c     drivers_msp432p401x.aem4f : UARTMSP432.oem4f (.text:readIsrBinaryCallback)
                  00007074    00000004     --HOLE-- [fill = 0]
                  00007078    0000004c     sysbios.aem4f : BIOS.obj (.text:ti_sysbios_family_arm_msp432_Timer_postInit__I)
                  000070c4    00000004     --HOLE-- [fill = 0]
                  000070c8    0000004c                   : BIOS.obj (.text:ti_sysbios_family_arm_msp432_Timer_start__E)
                  00007114    00000004     --HOLE-- [fill = 0]
                  00007118    0000004c                   : BIOS.obj (.text:ti_sysbios_heaps_HeapMem_getStats__E)
                  00007164    00000004     --HOLE-- [fill = 0]
                  00007168    0000004c                   : BIOS.obj (.text:ti_sysbios_knl_Swi_runLoop__I)
                  000071b4    00000004     --HOLE-- [fill = 0]
                  000071b8    0000004c                   : BIOS.obj (.text:ti_sysbios_knl_Task_allBlockedFunction__I)
                  00007204    0000004c     release_pem4f.oem4f (.text:ti_sysbios_knl_Task_construct)
                  00007250    0000004c     sysbios.aem4f : BIOS.obj (.text:ti_sysbios_knl_Task_schedule__I)
                  0000729c    00000048     pca9685.obj (.text:PCA9685_ControlServo)
                  000072e4    00000048     drivers_msp432p401x.aem4f : PowerMSP432.oem4f (.text:Power_releaseConstraint)
                  0000732c    00000048     rtsv7M4_T_le_v4SPD16_eabi.lib : fd_toi_t2.asm.obj (.text)
                  00007374    00000004     --HOLE-- [fill = 0]
                  00007378    00000048     sysbios.aem4f : BIOS.obj (.text:ti_sysbios_family_arm_m3_Hwi_disableInterrupt__E)
                  000073c0    00000048                   : BIOS.obj (.text:ti_sysbios_family_arm_m3_Hwi_enableInterrupt__E)
                  00007408    00000048                   : BIOS.obj (.text:ti_sysbios_knl_Mailbox_Module_startup__E)
                  00007450    00000048                   : BIOS.obj (.text:xdc_runtime_Core_assignParams__I)
                  00007498    00000046     drivers_msp432p401x.aem4f : RingBuf.oem4f (.text:RingBuf_put)
                  000074de    00000002     --HOLE-- [fill = 0]
                  000074e0    00000044                               : I2C.oem4f (.text:I2C_init)
                  00007524    00000044                               : Timer.oem4f (.text:Timer_init)
                  00007568    00000044                               : UART.oem4f (.text:UART_init)
                  000075ac    00000044                               : I2CMSP432.oem4f (.text:perfChangeNotifyFxn)
                  000075f0    00000044     rtsv7M4_T_le_v4SPD16_eabi.lib : fd_tou_t2.asm.obj (.text)
                  00007634    00000004     --HOLE-- [fill = 0]
                  00007638    00000044     sysbios.aem4f : BIOS.obj (.text:ti_sysbios_family_arm_m3_Hwi_getStackInfo__E)
                  0000767c    00000004     --HOLE-- [fill = 0]
                  00007680    00000044                   : BIOS.obj (.text:ti_sysbios_knl_Swi_post__E)
                  000076c4    00000004     --HOLE-- [fill = 0]
                  000076c8    00000044                   : BIOS.obj (.text:xdc_runtime_SysMin_flush__E)
                  0000770c    00000042     pca9685.obj (.text:pca_read)
                  0000774e    00000002     --HOLE-- [fill = 0]
                  00007750    00000040     dpl_msp432p401x.aem4f : HwiP_tirtos.oem4f (.text:HwiP_create)
                  00007790    00000040     myiic.obj (.text:MYIIC_Init)
                  000077d0    00000040     drivers_msp432p401x.aem4f : RingBuf.oem4f (.text:RingBuf_get)
                  00007810    00000040                               : Timer.oem4f (.text:Timer_open)
                  00007850    00000040                               : UARTMSP432.oem4f (.text:UARTMSP432_read)
                  00007890    00000040                               : UART.oem4f (.text:UART_open)
                  000078d0    00000040                               : UARTMSP432.oem4f (.text:perfChangeNotifyFxn)
                  00007910    00000040     rtsv7M4_T_le_v4SPD16_eabi.lib : u_divt2.asm.obj (.text)
                  00007950    00000040     sysbios.aem4f : BIOS.obj (.text:ti_sysbios_family_arm_msp432_Timer_Module_startup__E)
                  00007990    00000040                   : BIOS.obj (.text:ti_sysbios_family_arm_msp432_Timer_startup__E)
                  000079d0    00000040                   : BIOS.obj (.text:ti_sysbios_heaps_HeapMem_Instance_init__E)
                  00007a10    00000040                   : BIOS.obj (.text:ti_sysbios_knl_Clock_Instance_init__E)
                  00007a50    0000003c     dpl_msp432p401x.aem4f : SemaphoreP_tirtos.oem4f (.text:SemaphoreP_create)
                  00007a8c    00000004     --HOLE-- [fill = 0]
                  00007a90    0000003c     sysbios.aem4f : BIOS.obj (.text:ti_sysbios_family_arm_m3_Hwi_Instance_finalize__E)
                  00007acc    00000004     --HOLE-- [fill = 0]
                  00007ad0    0000003c                   : BIOS.obj (.text:ti_sysbios_family_arm_msp432_Seconds_Module_startup__E)
                  00007b0c    0000003c     release_pem4f.oem4f (.text:ti_sysbios_knl_Clock_create)
                  00007b48    0000003c     sysbios.aem4f : BIOS.obj (.text:ti_sysbios_knl_Swi_restore__E)
                  00007b84    00000038     app.obj (.text:App_Init)
                  00007bbc    00000038     drivers_msp432p401x.aem4f : GPIOMSP432.oem4f (.text:GPIO_toggle)
                  00007bf4    00000038                               : PowerMSP432.oem4f (.text:Power_setConstraint)
                  00007c2c    00000038                               : TimerMSP432.oem4f (.text:TimerMSP432_getCount)
                  00007c64    00000038     rtsv7M4_T_le_v4SPD16_eabi.lib : trgmsg.c.obj (.text:__TI_writemsg)
                  00007c9c    00000038     drivers_msp432p401x.aem4f : PowerMSP432.oem4f (.text:notify)
                  00007cd4    00000038     rtsv7M4_T_le_v4SPD16_eabi.lib : fs_tod_t2.asm.obj (.text)
                  00007d0c    00000004     --HOLE-- [fill = 0]
                  00007d10    00000038     sysbios.aem4f : BIOS.obj (.text:xdc_runtime_SysMin_abort__E)
                  00007d48    00000038                   : BIOS.obj (.text:xdc_runtime_SysMin_putch__E)
                  00007d80    00000038                   : BIOS.obj (.text:xdc_runtime_System_atexit__E)
                  00007db8    00000036     drivers_msp432p401x.aem4f : UARTMSP432.oem4f (.text:UARTMSP432_readCancel)
                  00007dee    00000036     pca9685.obj (.text:pca_write)
                  00007e24    00000034     rtsv7M4_T_le_v4SPD16_eabi.lib : trgmsg.c.obj (.text:__TI_readmsg)
                  00007e58    00000034     release_pem4f.oem4f (.text:ti_sysbios_knl_Semaphore_create)
                  00007e8c    00000004     --HOLE-- [fill = 0]
                  00007e90    00000032     sysbios.aem4f : BIOS.obj (.text:ti_sysbios_hal_Hwi_initStack)
                  00007ec2    00000002     --HOLE-- [fill = 0]
                  00007ec4    00000030     main_tirtos.obj (.text:bluetooth_irq)
                  00007ef4    00000030     drivers_msp432p401x.aem4f : I2CMSP432.oem4f (.text:mapPin)
                  00007f24    00000030                               : UARTMSP432.oem4f (.text:mapPin)
                  00007f54    00000030     main_tirtos.obj (.text:threeWayScan)
                  00007f84    00000030     release_pem4f.oem4f (.text:ti_sysbios_BIOS_atExitFunc__I)
                  00007fb4    00000030     release_pem4f.oem4f (.text:ti_sysbios_BIOS_startFunc__I)
                  00007fe4    00000004     --HOLE-- [fill = 0]
                  00007fe8    00000030     sysbios.aem4f : BIOS.obj (.text:ti_sysbios_family_arm_m3_TaskSupport_start__E)
                  00008018    00000030     release_pem4f.oem4f (.text:ti_sysbios_gates_GateHwi_Object__create__S)
                  00008048    00000030     release_pem4f.oem4f (.text:ti_sysbios_gates_GateMutex_Object__create__S)
                  00008078    00000030     sysbios.aem4f : BIOS.obj (.text:ti_sysbios_gates_GateMutex_enter__E)
                  000080a8    00000030     release_pem4f.oem4f (.text:ti_sysbios_heaps_HeapMem_Object__create__S)
                  000080d8    00000030     sysbios.aem4f : BIOS.obj (.text:ti_sysbios_knl_Mailbox_postInit__I)
                  00008108    00000030     release_pem4f.oem4f (.text:ti_sysbios_knl_Semaphore_construct)
                  00008138    00000030     sysbios.aem4f : BIOS.obj (.text:ti_sysbios_knl_Semaphore_pendTimeout__I)
                  00008168    00000030                   : BIOS.obj (.text:ti_sysbios_knl_Task_processVitalTaskFlag__I)
                  00008198    00000030                   : BIOS.obj (.text:ti_sysbios_knl_Task_restore__E)
                  000081c8    00000030                   : BIOS.obj (.text:ti_sysbios_knl_Task_unblockI__E)
                  000081f8    00000030                   : BIOS.obj (.text:xdc_runtime_System_processAtExit__E)
                  00008228    0000002e     rtsv7M4_T_le_v4SPD16_eabi.lib : i_tofd_t2.asm.obj (.text)
                  00008256    0000002c     dpl_msp432p401x.aem4f : PowerMSP432_tirtos.oem4f (.text:PowerMSP432_updateFreqs)
                  00008282    00000002     --HOLE-- [fill = 0]
                  00008284    0000002c     msp432p4xx_driverlib.lib : rtc_c.o (.text:RTC_C_holdClock)
                  000082b0    0000002c     dpl_msp432p401x.aem4f : SemaphoreP_tirtos.oem4f (.text:SemaphoreP_createBinary)
                  000082dc    00000004     --HOLE-- [fill = 0]
                  000082e0    0000002c     sysbios.aem4f : BIOS.obj (.text:_pthread_cleanupFxn)
                  0000830c    00000004     --HOLE-- [fill = 0]
                  00008310    0000002c                   : BIOS.obj (.text:_pthread_delete$43)
                  0000833c    0000002c     drivers_msp432p401x.aem4f : TimerMSP432.oem4f (.text:perfChangeNotifyFxn)
                  00008368    0000002c     release_pem4f.oem4f (.text:ti_sysbios_knl_Clock_doTick__I)
                  00008394    0000002c     release_pem4f.oem4f (.text:ti_sysbios_knl_Queue_construct)
                  000083c0    0000002a     sysbios.aem4f : BIOS.obj (.text:xdc_runtime_System_putchar__I)
                  000083ea    00000002     --HOLE-- [fill = 0]
                  000083ec    00000028     msp432p4xx_driverlib.lib : pcm.o (.text:PCM_gotoLPM0)
                  00008414    00000028     drivers_msp432p401x.aem4f : PowerMSP432.oem4f (.text:Power_registerNotify)
                  0000843c    00000028                               : PowerMSP432.oem4f (.text:disableFaultCounter)
                  00008464    00000028                               : PowerMSP432.oem4f (.text:disableHFXT)
                  0000848c    00000028                               : UARTMSP432.oem4f (.text:findBaudDividerIndex)
                  000084b4    00000028     sysbios.aem4f : m3_Hwi_asm.obj (.text:ti_sysbios_family_arm_m3_Hwi_excHandlerAsm__I)
                  000084dc    00000004     --HOLE-- [fill = 0]
                  000084e0    00000028                   : BIOS.obj (.text:ti_sysbios_knl_Clock_addI__E)
                  00008508    00000028                   : BIOS.obj (.text:ti_sysbios_knl_Swi_Module_startup__E)
                  00008530    00000028     main_tirtos.obj (.text:timerCallback2)
                  00008558    00000026     drivers_msp432p401x.aem4f : List.oem4f (.text:List_put)
                  0000857e    00000026                               : List.oem4f (.text:List_remove)
                  000085a4    00000026     sysbios.aem4f : m3_Hwi_asm.obj (.text:ti_sysbios_family_arm_m3_Hwi_pendSV__I)
                  000085ca    00000006     drivers_msp432p401x.aem4f : I2CMSP432.oem4f (.text:I2CMSP432_control)
                  000085d0    00000026     sysbios.aem4f : BIOS.obj (.text:xdc_runtime_System_vprintf__E)
                  000085f6    00000002     --HOLE-- [fill = 0]
                  000085f8    00000024     msp432p4xx_driverlib.lib : wdt_a.o (.text:WDT_A_holdTimer)
                  0000861c    00000024     release_pem4f.oem4f (.text:ti_sysbios_BIOS_registerRTSLock__I)
                  00008640    00000024     release_pem4f.oem4f (.text:ti_sysbios_BIOS_removeRTSLock__I)
                  00008664    00000004     --HOLE-- [fill = 0]
                  00008668    00000024     sysbios.aem4f : BIOS.obj (.text:ti_sysbios_family_arm_msp432_ClockFreqs_setFrequency__E)
                  0000868c    00000024     release_pem4f.oem4f (.text:ti_sysbios_gates_GateMutex_Object__delete__S)
                  000086b0    00000024     sysbios.aem4f : BIOS.obj (.text:ti_sysbios_knl_Clock_Module_startup__E)
                  000086d4    00000024     release_pem4f.oem4f (.text:ti_sysbios_knl_Clock_Object__delete__S)
                  000086f8    00000024     sysbios.aem4f : BIOS.obj (.text:ti_sysbios_knl_Clock_start__E)
                  0000871c    00000004     --HOLE-- [fill = 0]
                  00008720    00000024                   : BIOS.obj (.text:ti_sysbios_knl_Semaphore_Instance_init__E)
                  00008744    00000024     release_pem4f.oem4f (.text:ti_sysbios_knl_Semaphore_Object__delete__S)
                  00008768    00000024     sysbios.aem4f : BIOS.obj (.text:ti_sysbios_knl_Task_restoreHwi__E)
                  0000878c    00000004     --HOLE-- [fill = 0]
                  00008790    00000024                   : BIOS.obj (.text:xdc_runtime_Error_policyMin__E)
                  000087b4    00000022     release_pem4f.oem4f (.text:xdc_runtime_SysMin_output__I)
                  000087d6    00000002     --HOLE-- [fill = 0]
                  000087d8    00000020     msp432p4xx_driverlib.lib : cs.o (.text:CS_setExternalClockSourceFrequency)
                  000087f8    00000020     drivers_msp432p401x.aem4f : GPIOMSP432.oem4f (.text:GPIO_read)
                  00008818    00000020     pca9685.obj (.text:PCA9685_Init)
                  00008838    00000020     drivers_msp432p401x.aem4f : PowerMSP432.oem4f (.text:Power_unregisterNotify)
                  00008858    00000020                               : RingBuf.oem4f (.text:RingBuf_peek)
                  00008878    00000020     delay.obj (.text:delay_ms)
                  00008898    00000020     delay.obj (.text:delay_us)
                  000088b8    00000020     release_pem4f.oem4f (.text:ti_sysbios_BIOS_rtsLock__I)
                  000088d8    00000020     release_pem4f.oem4f (.text:ti_sysbios_family_arm_m3_Hwi_Object__delete__S)
                  000088f8    00000020     release_pem4f.oem4f (.text:ti_sysbios_gates_GateHwi_Object__delete__S)
                  00008918    00000020     release_pem4f.oem4f (.text:ti_sysbios_heaps_HeapMem_Object__delete__S)
                  00008938    00000020     sysbios.aem4f : BIOS.obj (.text:ti_sysbios_knl_Idle_run__E)
                  00008958    00000020     release_pem4f.oem4f (.text:ti_sysbios_knl_Semaphore_destruct)
                  00008978    00000020     release_pem4f.oem4f (.text:ti_sysbios_knl_Task_Object__delete__S)
                  00008998    00000020     sysbios.aem4f : BIOS.obj (.text:xdc_runtime_SysMin_Module_startup__E)
                  000089b8    0000001e                   : m3_Hwi_asm_switch.obj (.text:ti_sysbios_family_xxx_Hwi_switchAndRunFunc)
                  000089d6    00000002     --HOLE-- [fill = 0]
                  000089d8    0000001c                   : BIOS.obj (.text:ti_sysbios_family_arm_m3_Hwi_excHandler__I)
                  000089f4    00000004     --HOLE-- [fill = 0]
                  000089f8    0000001c                   : BIOS.obj (.text:ti_sysbios_gates_GateMutex_Instance_init__E)
                  00008a14    00000004     --HOLE-- [fill = 0]
                  00008a18    0000001c                   : BIOS.obj (.text:ti_sysbios_knl_Clock_Instance_finalize__E)
                  00008a34    0000001c     release_pem4f.oem4f (.text:ti_sysbios_knl_Queue_destruct)
                  00008a50    0000001c     sysbios.aem4f : BIOS.obj (.text:ti_sysbios_knl_Queue_put__E)
                  00008a6c    00000004     --HOLE-- [fill = 0]
                  00008a70    0000001c                   : BIOS.obj (.text:ti_sysbios_knl_Task_enter__I)
                  00008a8c    00000004     --HOLE-- [fill = 0]
                  00008a90    0000001c                   : BIOS.obj (.text:xdc_runtime_Memory_valloc__E)
                  00008aac    00000004     --HOLE-- [fill = 0]
                  00008ab0    0000001c                   : BIOS.obj (.text:xdc_runtime_SysMin_exit__E)
                  00008acc    00000004     --HOLE-- [fill = 0]
                  00008ad0    0000001c                   : BIOS.obj (.text:xdc_runtime_System_abort__E)
                  00008aec    0000001a     release_pem4f.oem4f (.text:xdc_runtime_System_printf__E)
                  00008b06    00000002     --HOLE-- [fill = 0]
                  00008b08    00000018     release_pem4f.oem4f (.text:.bootCodeSection:ti_sysbios_family_arm_msp432_init_Boot_init__I)
                  00008b20    00000018     msp432p4xx_driverlib.lib : sysctl_a.o (.text:SysCtl_A_disableNMISource)
                  00008b38    00000018                              : sysctl_a.o (.text:SysCtl_A_enableNMISource)
                  00008b50    00000018     drivers_msp432p401x.aem4f : UART.oem4f (.text:UART_Params_init)
                  00008b68    00000018     rtsv7M4_T_le_v4SPD16_eabi.lib : args_main.c.obj (.text:_args_main)
                  00008b80    00000018     release_pem4f.oem4f (.text:ti_sysbios_BIOS_rtsUnlock__I)
                  00008b98    00000018     release_pem4f.oem4f (.text:ti_sysbios_family_arm_m3_Hwi_Module__startupDone__F)
                  00008bb0    00000018     sysbios.aem4f : m3_TaskSupport_asm.obj (.text:ti_sysbios_family_arm_m3_TaskSupport_swap__E)
                  00008bc8    00000018     release_pem4f.oem4f (.text:ti_sysbios_family_arm_msp432_Timer_Module__startupDone__F)
                  00008be0    00000018     release_pem4f.oem4f (.text:ti_sysbios_gates_GateHwi_Handle__label__S)
                  00008bf8    00000018     release_pem4f.oem4f (.text:ti_sysbios_gates_GateMutex_Handle__label__S)
                  00008c10    00000018     sysbios.aem4f : BIOS.obj (.text:ti_sysbios_gates_GateMutex_leave__E)
                  00008c28    00000018     release_pem4f.oem4f (.text:ti_sysbios_heaps_HeapMem_Handle__label__S)
                  00008c40    00000018     main_tirtos.obj (.text:timerCallback)
                  00008c58    00000018     sysbios.aem4f : BIOS.obj (.text:xdc_runtime_Error_init__E)
                  00008c70    00000018                   : BIOS.obj (.text:xdc_runtime_System_exit__E)
                  00008c88    00000016     release_pem4f.oem4f (.text:ti_sysbios_BIOS_exitFunc__I)
                  00008c9e    00000016     main_tirtos.obj (.text:ti_sysbios_knl_Semaphore_Params_init)
                  00008cb4    00000016     main_tirtos.obj (.text:ti_sysbios_knl_Task_Params_init)
                  00008cca    00000006     drivers_msp432p401x.aem4f : TimerMSP432.oem4f (.text:TimerMSP432_control)
                  00008cd0    00000016     sysbios.aem4f : BIOS.obj (.text:ti_sysbios_knl_Task_unblock__E)
                  00008ce6    00000002     --HOLE-- [fill = 0]
                  00008ce8    00000014     msp432p4xx_driverlib.lib : pcm.o (.text:PCM_getPowerState)
                  00008cfc    00000014     drivers_msp432p401x.aem4f : PowerMSP432.oem4f (.text:Power_idleFunc)
                  00008d10    00000014                               : UARTMSP432.oem4f (.text:clearTXCPTIFG)
                  00008d24    00000014     rtsv7M4_T_le_v4SPD16_eabi.lib : strlen.c.obj (.text:strlen)
                  00008d38    00000014     release_pem4f.oem4f (.text:ti_sysbios_family_arm_m3_Hwi_Object__get__S)
                  00008d4c    00000004     --HOLE-- [fill = 0]
                  00008d50    00000014     sysbios.aem4f : BIOS.obj (.text:ti_sysbios_family_arm_m3_Hwi_switchFromBootStack__E)
                  00008d64    00000014     release_pem4f.oem4f (.text:ti_sysbios_heaps_HeapMem_Object__get__S)
                  00008d78    00000014     release_pem4f.oem4f (.text:ti_sysbios_knl_Swi_Object__get__S)
                  00008d8c    00000012     drivers_msp432p401x.aem4f : RingBuf.oem4f (.text:RingBuf_construct)
                  00008d9e    00000012     dpl_msp432p401x.aem4f : SemaphoreP_tirtos.oem4f (.text:SemaphoreP_pend)
                  00008db0    00000012     sysbios.aem4f : BIOS.obj (.text:ti_sysbios_hal_Hwi_Module_startup__E)
                  00008dc2    00000012     release_pem4f.oem4f (.text:xdc_runtime_Startup_exec__I)
                  00008dd4    00000010     dpl_msp432p401x.aem4f : HwiP_tirtos.oem4f (.text:HwiP_Params_init)
                  00008de4    00000010     msp432p4xx_driverlib.lib : interrupt.o (.text:Interrupt_enableMaster)
                  00008df4    00000010                              : pcm.o (.text:PCM_gotoLPM4)
                  00008e04    00000010                              : pcm.o (.text:PCM_setPowerMode)
                  00008e14    00000010                              : pcm.o (.text:PCM_setPowerState)
                  00008e24    00000010     drivers_msp432p401x.aem4f : PowerMSP432.oem4f (.text:PowerMSP432_getNumPerfLevels)
                  00008e34    00000010     msp432p4xx_driverlib.lib : sysctl_a.o (.text:SysCtl_A_getNMISourceStatus)
                  00008e44    00000010                              : sysctl.o (.text:SysCtl_getNMISourceStatus)
                  00008e54    00000010     drivers_msp432p401x.aem4f : Timer.oem4f (.text:Timer_Params_init)
                  00008e64    00000010                               : UARTMSP432.oem4f (.text:readBlockingTimeout)
                  00008e74    00000004     --HOLE-- [fill = 0]
                  00008e78    00000010     sysbios.aem4f : BIOS.obj (.text:ti_sysbios_BIOS_exit__E)
                  00008e88    00000010                   : BIOS.obj (.text:ti_sysbios_BIOS_setCpuFreq__E)
                  00008e98    00000010                   : BIOS.obj (.text:ti_sysbios_BIOS_setThreadType__E)
                  00008ea8    00000010                   : BIOS.obj (.text:ti_sysbios_BIOS_start__E)
                  00008eb8    00000010                   : m3_TaskSupport_asm.obj (.text:ti_sysbios_family_arm_m3_TaskSupport_glue)
                  00008ec8    00000010                   : BIOS.obj (.text:ti_sysbios_family_arm_msp432_init_Boot_disableWatchdog)
                  00008ed8    00000010                   : BIOS.obj (.text:ti_sysbios_gates_GateMutex_Instance_finalize__E)
                  00008ee8    00000010     release_pem4f.oem4f (.text:ti_sysbios_knl_Mailbox_Object__get__S)
                  00008ef8    00000010     sysbios.aem4f : BIOS.obj (.text:ti_sysbios_knl_Semaphore_Instance_finalize__E)
                  00008f08    00000010                   : BIOS.obj (.text:ti_sysbios_knl_Swi_disable__E)
                  00008f18    00000010     release_pem4f.oem4f (.text:ti_sysbios_knl_Task_Object__get__S)
                  00008f28    00000010     sysbios.aem4f : BIOS.obj (.text:ti_sysbios_knl_Task_disable__E)
                  00008f38    00000010                   : BIOS.obj (.text:xdc_runtime_Gate_leaveSystem__E)
                  00008f48    00000010                   : BIOS.obj (.text:xdc_runtime_Memory_free__E)
                  00008f58    00000010                   : BIOS.obj (.text:xdc_runtime_SysMin_ready__E)
                  00008f68    0000000e     rtsv7M4_T_le_v4SPD16_eabi.lib : copy_decompress_none.c.obj (.text:decompress:none:__TI_decompress_none)
                  00008f76    00000002     --HOLE-- [fill = 0]
                  00008f78    0000000e     sysbios.aem4f : BIOS.obj (.text:ti_sysbios_knl_Idle_loop__E)
                  00008f86    00000002     --HOLE-- [fill = 0]
                  00008f88    0000000e                   : BIOS.obj (.text:ti_sysbios_knl_Queue_empty__E)
                  00008f96    0000000c     ti_drivers_config.obj (.text:Board_init)
                  00008fa2    0000000c     msp432p4xx_driverlib.lib : cpu.o (.text:CPU_cpsid)
                  00008fae    0000000c                              : cpu.o (.text:CPU_cpsie)
                  00008fba    0000000c     dpl_msp432p401x.aem4f : ClockP_tirtos.oem4f (.text:ClockP_delete)
                  00008fc6    0000000c                           : HwiP_tirtos.oem4f (.text:HwiP_delete)
                  00008fd2    00000002     --HOLE-- [fill = 0]
                  00008fd4    0000000c     drivers_msp432p401x.aem4f : PowerMSP432.oem4f (.text:Power_getConstraintMask)
                  00008fe0    0000000c                               : PowerMSP432.oem4f (.text:Power_getPerformanceLevel)
                  00008fec    0000000c     app.obj (.text:RobotUSleft)
                  00008ff8    0000000c     app.obj (.text:RobotUSmiddle)
                  00009004    0000000c     app.obj (.text:RobotUSright)
                  00009010    0000000c     dpl_msp432p401x.aem4f : SemaphoreP_tirtos.oem4f (.text:SemaphoreP_delete)
                  0000901c    0000000c     rtsv7M4_T_le_v4SPD16_eabi.lib : _lock.c.obj (.text:_register_lock)
                  00009028    0000000c                                   : _lock.c.obj (.text:_register_unlock)
                  00009034    0000000c                                   : copy_zero_init.c.obj (.text:decompress:ZI:__TI_zero_init)
                  00009040    0000000c     release_pem4f.oem4f (.text:ti_sysbios_family_arm_m3_Hwi_Params__init__S)
                  0000904c    00000004     --HOLE-- [fill = 0]
                  00009050    0000000c     sysbios.aem4f : BIOS.obj (.text:ti_sysbios_family_arm_m3_Hwi_disableFxn__E)
                  0000905c    00000004     --HOLE-- [fill = 0]
                  00009060    0000000c                   : BIOS.obj (.text:ti_sysbios_family_arm_m3_TaskSupport_getStackAlignment__E)
                  0000906c    00000004     --HOLE-- [fill = 0]
                  00009070    0000000c                   : BIOS.obj (.text:ti_sysbios_family_arm_msp432_Timer_getMaxTicks__E)
                  0000907c    00000004     --HOLE-- [fill = 0]
                  00009080    0000000c                   : BIOS.obj (.text:ti_sysbios_gates_GateHwi_enter__E)
                  0000908c    0000000c     release_pem4f.oem4f (.text:ti_sysbios_knl_Clock_Params__init__S)
                  00009098    0000000c     release_pem4f.oem4f (.text:ti_sysbios_knl_Queue_Object__get__S)
                  000090a4    0000000c     release_pem4f.oem4f (.text:ti_sysbios_knl_Semaphore_Params__init__S)
                  000090b0    0000000c     main_tirtos.obj (.text:ti_sysbios_knl_Semaphore_handle)
                  000090bc    0000000c     release_pem4f.oem4f (.text:ti_sysbios_knl_Task_Params__init__S)
                  000090c8    0000000c     sysbios.aem4f : BIOS.obj (.text:ti_sysbios_rts_ti_ReentSupport_taskRegHook__I)
                  000090d4    00000004     --HOLE-- [fill = 0]
                  000090d8    0000000c                   : BIOS.obj (.text:xdc_runtime_Gate_enterSystem__E)
                  000090e4    00000004     --HOLE-- [fill = 0]
                  000090e8    0000000c                   : BIOS.obj (.text:xdc_runtime_Memory_calloc__E)
                  000090f4    00000004     --HOLE-- [fill = 0]
                  000090f8    0000000c                   : BIOS.obj (.text:xdc_runtime_Startup_rtsDone__E)
                  00009104    0000000a     dpl_msp432p401x.aem4f : ClockP_tirtos.oem4f (.text:ClockP_Params_init)
                  0000910e    0000000a     drivers_msp432p401x.aem4f : Timer.oem4f (.text:Timer_start)
                  00009118    0000000a                               : Timer.oem4f (.text:Timer_stop)
                  00009122    0000000a                               : UART.oem4f (.text:UART_control)
                  0000912c    0000000a                               : UART.oem4f (.text:UART_read)
                  00009136    0000000a     release_pem4f.oem4f (.text:xdc_runtime_IHeap_alloc)
                  00009140    0000000a     release_pem4f.oem4f (.text:xdc_runtime_IHeap_free)
                  0000914a    00000008     dpl_msp432p401x.aem4f : SemaphoreP_tirtos.oem4f (.text:SemaphoreP_Params_init)
                  00009152    00000008     drivers_msp432p401x.aem4f : I2CMSP432.oem4f (.text:blockingTransferCallback)
                  0000915a    00000008                               : UARTMSP432.oem4f (.text:readSemCallback)
                  00009162    00000006     --HOLE-- [fill = 0]
                  00009168    00000008     sysbios.aem4f : BIOS.obj (.text:ti_sysbios_family_arm_m3_Hwi_doSwiRestore__I)
                  00009170    00000008                   : BIOS.obj (.text:ti_sysbios_family_arm_m3_Hwi_startup__E)
                  00009178    00000008     drivers_msp432p401x.aem4f : UARTMSP432.oem4f (.text:txcptEnabledStatus)
                  00009180    00000008                               : UARTMSP432.oem4f (.text:writeSemCallback)
                  00009188    00000006     sysbios.aem4f : BIOS.obj (.text:ti_sysbios_family_arm_m3_Hwi_doTaskRestore__I)
                  0000918e    00000002     --HOLE-- [fill = 0]
                  00009190    00000006                   : BIOS.obj (.text:ti_sysbios_family_arm_m3_Hwi_restoreFxn__E)
                  00009196    00000002     --HOLE-- [fill = 0]
                  00009198    00000006                   : BIOS.obj (.text:ti_sysbios_gates_GateHwi_leave__E)
                  0000919e    00000002     --HOLE-- [fill = 0]
                  000091a0    00000006                   : BIOS.obj (.text:ti_sysbios_heaps_HeapMem_isBlocking__E)
                  000091a6    00000002     --HOLE-- [fill = 0]
                  000091a8    00000006                   : BIOS.obj (.text:ti_sysbios_knl_Clock_stop__E)
                  000091ae    00000002     --HOLE-- [fill = 0]
                  000091b0    00000006                   : BIOS.obj (.text:ti_sysbios_knl_Queue_Instance_init__E)
                  000091b6    00000002     --HOLE-- [fill = 0]
                  000091b8    00000006                   : BIOS.obj (.text:ti_sysbios_knl_Swi_startup__E)
                  000091be    00000002     --HOLE-- [fill = 0]
                  000091c0    00000006                   : BIOS.obj (.text:xdc_runtime_System_Module_startup__E)
                  000091c6    00000002     --HOLE-- [fill = 0]
                  000091c8    00000004                   : BIOS.obj (.text:ti_sysbios_gates_GateHwi_query__E)
                  000091cc    00000004     --HOLE-- [fill = 0]
                  000091d0    00000004                   : BIOS.obj (.text:ti_sysbios_gates_GateMutex_query__E)
                  000091d4    00000004     --HOLE-- [fill = 0]
                  000091d8    00000004                   : BIOS.obj (.text:ti_sysbios_knl_Clock_setTimeout__E)
                  000091dc    00000004     --HOLE-- [fill = 0]
                  000091e0    00000004                   : BIOS.obj (.text:ti_sysbios_knl_Task_startup__E)
                  000091e4    00000004     --HOLE-- [fill = 0]
                  000091e8    00000004                   : BIOS.obj (.text:xdc_runtime_System_printf_va__F)
                  000091ec    00000004     --HOLE-- [fill = 0]
                  000091f0    00000002                   : BIOS.obj (.text:ti_sysbios_BIOS_linkedWithIncorrectBootLibrary__E)
                  000091f2    00000006     --HOLE-- [fill = 0]
                  000091f8    00000002                   : BIOS.obj (.text:ti_sysbios_gates_GateHwi_Instance_init__E)
                  000091fa    00000006     --HOLE-- [fill = 0]
                  00009200    00000002                   : BIOS.obj (.text:ti_sysbios_knl_Clock_logTick__E)
                  00009202    00000006     --HOLE-- [fill = 0]
                  00009208    00000002                   : BIOS.obj (.text:xdc_runtime_System_abortSpin__E)
                  0000920a    00000006     --HOLE-- [fill = 0]
                  00009210    00000002                   : BIOS.obj (.text:xdc_runtime_System_exitSpin__E)

.const     0    00009214    0000066e     
                  00009214    00000050     drivers_msp432p401x.aem4f : TimerMSP432.oem4f (.const:timerADividers)
                  00009264    00000048     release_pem4f.oem4f (.const:.string)
                  000092ac    0000003c     release_pem4f.oem4f (.const:ti_sysbios_knl_Task_Object__PARAMS__C)
                  000092e8    00000038     ti_drivers_config.obj (.const:PowerMSP432_config)
                  00009320    00000030     release_pem4f.oem4f (.const:ti_sysbios_family_arm_m3_Hwi_Object__PARAMS__C)
                  00009350    0000002c     ti_drivers_config.obj (.const:uartMSP432HWAttrs)
                  0000937c    00000028     drivers_msp432p401x.aem4f : UARTMSP432.oem4f (.const:UARTMSP432_fxnTable)
                  000093a4    00000028     release_pem4f.oem4f (.const:ti_sysbios_heaps_HeapMem_Module__FXNS__C)
                  000093cc    00000028     release_pem4f.oem4f (.const:xdc_runtime_Startup_sfxnTab__A)
                  000093f4    00000024     drivers_msp432p401x.aem4f : UART.oem4f (.const:UART_defaultParams)
                  00009418    00000024     release_pem4f.oem4f (.const:ti_sysbios_gates_GateHwi_Module__FXNS__C)
                  0000943c    00000024     release_pem4f.oem4f (.const:ti_sysbios_gates_GateMutex_Module__FXNS__C)
                  00009460    00000024     release_pem4f.oem4f (.const:ti_sysbios_heaps_HeapMem_Object__PARAMS__C)
                  00009484    00000024     release_pem4f.oem4f (.const:ti_sysbios_knl_Clock_Object__PARAMS__C)
                  000094a8    00000024     release_pem4f.oem4f (.const:ti_sysbios_knl_Semaphore_Object__PARAMS__C)
                  000094cc    00000020     ti_drivers_config.obj (.const:TimerMSP432HWAttrs)
                  000094ec    00000020     drivers_msp432p401x.aem4f : TimerMSP432.oem4f (.const:TimerMSP432_Timer32_fxnTable)
                  0000950c    00000020                               : UARTMSP432.oem4f (.const:staticFxnTable)
                  0000952c    00000020     release_pem4f.oem4f (.const:ti_sysbios_family_arm_m3_Hwi_Object__DESC__C)
                  0000954c    00000020     release_pem4f.oem4f (.const:ti_sysbios_gates_GateHwi_Object__DESC__C)
                  0000956c    00000020     release_pem4f.oem4f (.const:ti_sysbios_gates_GateMutex_Object__DESC__C)
                  0000958c    00000020     release_pem4f.oem4f (.const:ti_sysbios_heaps_HeapMem_Object__DESC__C)
                  000095ac    00000020     release_pem4f.oem4f (.const:ti_sysbios_knl_Clock_Object__DESC__C)
                  000095cc    00000020     release_pem4f.oem4f (.const:ti_sysbios_knl_Queue_Object__DESC__C)
                  000095ec    00000020     release_pem4f.oem4f (.const:ti_sysbios_knl_Semaphore_Object__DESC__C)
                  0000960c    00000020     release_pem4f.oem4f (.const:ti_sysbios_knl_Task_Object__DESC__C)
                  0000962c    00000018     drivers_msp432p401x.aem4f : I2CMSP432.oem4f (.const:I2CMSP432_fxnTable)
                  00009644    00000018     ti_drivers_config.obj (.const:Timer_config)
                  0000965c    00000018     release_pem4f.oem4f (.const:ti_sysbios_gates_GateHwi_Object__PARAMS__C)
                  00009674    00000018     release_pem4f.oem4f (.const:ti_sysbios_gates_GateMutex_Object__PARAMS__C)
                  0000968c    00000018     release_pem4f.oem4f (.const:ti_sysbios_knl_Queue_Object__PARAMS__C)
                  000096a4    00000018     release_pem4f.oem4f (.const:ti_sysbios_knl_Task_hooks__A)
                  000096bc    00000014     ti_drivers_config.obj (.const:GPIOMSP432_config)
                  000096d0    00000014     ti_drivers_config.obj (.const:i2cMSP432HWAttrs)
                  000096e4    00000014     release_pem4f.oem4f (.const:xdc_runtime_Startup_sfxnRts__A)
                  000096f8    00000010     ti_drivers_config.obj (.const:uartMSP432Baudrates)
                  00009708    0000000c     ti_drivers_config.obj (.const:I2C_config)
                  00009714    0000000c     ti_drivers_config.obj (.const:UART_config)
                  00009720    0000000c     drivers_msp432p401x.aem4f : I2CMSP432.oem4f (.const:bitRates)
                  0000972c    0000000c                               : Timer.oem4f (.const:defaultParams)
                  00009738    0000000c                               : TimerMSP432.oem4f (.const:timer32Dividers)
                  00009744    0000000c     release_pem4f.oem4f (.const:xdc_runtime_Startup_firstFxns__A)
                  00009750    00000008     release_pem4f.oem4f (.const:ti_sysbios_knl_Idle_funcList__A)
                  00009758    00000008     release_pem4f.oem4f (.const:ti_sysbios_knl_Idle_funcList__C)
                  00009760    00000008     release_pem4f.oem4f (.const:ti_sysbios_knl_Task_hooks__C)
                  00009768    00000008     release_pem4f.oem4f (.const:xdc_runtime_Startup_firstFxns__C)
                  00009770    00000008     release_pem4f.oem4f (.const:xdc_runtime_Startup_lastFxns__C)
                  00009778    00000006     drivers_msp432p401x.aem4f : GPIOMSP432.oem4f (.const:.string:interruptType)
                  0000977e    00000006                               : GPIOMSP432.oem4f (.const:.string:portInterruptIds)
                  00009784    00000005                               : UARTMSP432.oem4f (.const:.string:parityTypes)
                  00009789    00000001     release_pem4f.oem4f (.const:xdc_runtime_Error_policy__C)
                  0000978a    00000004     drivers_msp432p401x.aem4f : UARTMSP432.oem4f (.const:stopBits)
                  0000978e    00000002     release_pem4f.oem4f (.const:ti_sysbios_family_arm_m3_Hwi_Module__id__C)
                  00009790    00000004     release_pem4f.oem4f (.const:ti_sysbios_family_arm_m3_Hwi_E_alreadyDefined__C)
                  00009794    00000004     release_pem4f.oem4f (.const:ti_sysbios_family_arm_m3_Hwi_E_badIntNum__C)
                  00009798    00000004     release_pem4f.oem4f (.const:ti_sysbios_family_arm_m3_Hwi_NUM_INTERRUPTS__C)
                  0000979c    00000004     release_pem4f.oem4f (.const:ti_sysbios_family_arm_m3_Hwi_Object__count__C)
                  000097a0    00000004     release_pem4f.oem4f (.const:ti_sysbios_family_arm_m3_Hwi_ccr__C)
                  000097a4    00000004     release_pem4f.oem4f (.const:ti_sysbios_family_arm_m3_Hwi_excHandlerFunc__C)
                  000097a8    00000004     release_pem4f.oem4f (.const:ti_sysbios_family_arm_m3_Hwi_nullIsrFunc__C)
                  000097ac    00000004     release_pem4f.oem4f (.const:ti_sysbios_family_arm_m3_Hwi_priGroup__C)
                  000097b0    00000004     release_pem4f.oem4f (.const:ti_sysbios_family_arm_m3_Hwi_swiDisable__C)
                  000097b4    00000004     release_pem4f.oem4f (.const:ti_sysbios_family_arm_m3_Hwi_swiRestore__C)
                  000097b8    00000004     release_pem4f.oem4f (.const:ti_sysbios_family_arm_m3_TaskSupport_stackAlignment__C)
                  000097bc    00000004     release_pem4f.oem4f (.const:ti_sysbios_family_arm_msp432_Timer_numTimerDevices__C)
                  000097c0    00000004     release_pem4f.oem4f (.const:ti_sysbios_family_arm_msp432_Timer_startupNeeded__C)
                  000097c4    00000004     release_pem4f.oem4f (.const:ti_sysbios_gates_GateMutex_Instance_State_sem__O)
                  000097c8    00000004     release_pem4f.oem4f (.const:ti_sysbios_heaps_HeapMem_E_memory__C)
                  000097cc    00000004     release_pem4f.oem4f (.const:ti_sysbios_heaps_HeapMem_Module__gateObj__C)
                  000097d0    00000004     release_pem4f.oem4f (.const:ti_sysbios_heaps_HeapMem_Object__count__C)
                  000097d4    00000004     release_pem4f.oem4f (.const:ti_sysbios_heaps_HeapMem_primaryHeapBaseAddr__C)
                  000097d8    00000004     release_pem4f.oem4f (.const:ti_sysbios_heaps_HeapMem_primaryHeapEndAddr__C)
                  000097dc    00000004     release_pem4f.oem4f (.const:ti_sysbios_heaps_HeapMem_reqAlign__C)
                  000097e0    00000004     release_pem4f.oem4f (.const:ti_sysbios_knl_Clock_Module_State_clockQ__O)
                  000097e4    00000004     release_pem4f.oem4f (.const:ti_sysbios_knl_Clock_tickPeriod__C)
                  000097e8    00000004     release_pem4f.oem4f (.const:ti_sysbios_knl_Mailbox_Instance_State_freeQue__O)
                  000097ec    00000004     release_pem4f.oem4f (.const:ti_sysbios_knl_Mailbox_Object__count__C)
                  000097f0    00000004     release_pem4f.oem4f (.const:ti_sysbios_knl_Mailbox_maxTypeAlign__C)
                  000097f4    00000004     release_pem4f.oem4f (.const:ti_sysbios_knl_Semaphore_Instance_State_pendQ__O)
                  000097f8    00000004     release_pem4f.oem4f (.const:ti_sysbios_knl_Swi_Object__count__C)
                  000097fc    00000004     release_pem4f.oem4f (.const:ti_sysbios_knl_Task_Module_State_inactiveQ__O)
                  00009800    00000004     release_pem4f.oem4f (.const:ti_sysbios_knl_Task_Object__count__C)
                  00009804    00000004     release_pem4f.oem4f (.const:ti_sysbios_knl_Task_Object__heap__C)
                  00009808    00000004     release_pem4f.oem4f (.const:ti_sysbios_knl_Task_allBlockedFunc__C)
                  0000980c    00000004     release_pem4f.oem4f (.const:ti_sysbios_knl_Task_defaultStackHeap__C)
                  00009810    00000004     release_pem4f.oem4f (.const:ti_sysbios_knl_Task_defaultStackSize__C)
                  00009814    00000004     release_pem4f.oem4f (.const:ti_sysbios_knl_Task_numConstructedTasks__C)
                  00009818    00000004     release_pem4f.oem4f (.const:xdc_runtime_Error_E_memory__C)
                  0000981c    00000004     release_pem4f.oem4f (.const:xdc_runtime_Error_policyFxn__C)
                  00009820    00000004     release_pem4f.oem4f (.const:xdc_runtime_IGateProvider_Interface__BASE__C)
                  00009824    00000004     release_pem4f.oem4f (.const:xdc_runtime_IHeap_Interface__BASE__C)
                  00009828    00000004     release_pem4f.oem4f (.const:xdc_runtime_IModule_Interface__BASE__C)
                  0000982c    00000004     release_pem4f.oem4f (.const:xdc_runtime_Memory_defaultHeapInstance__C)
                  00009830    00000004     release_pem4f.oem4f (.const:xdc_runtime_Startup_execImpl__C)
                  00009834    00000004     release_pem4f.oem4f (.const:xdc_runtime_Startup_maxPasses__C)
                  00009838    00000004     release_pem4f.oem4f (.const:xdc_runtime_Startup_sfxnRts__C)
                  0000983c    00000004     release_pem4f.oem4f (.const:xdc_runtime_Startup_sfxnTab__C)
                  00009840    00000004     release_pem4f.oem4f (.const:xdc_runtime_SysMin_bufSize__C)
                  00009844    00000004     release_pem4f.oem4f (.const:xdc_runtime_SysMin_outputFunc__C)
                  00009848    00000004     release_pem4f.oem4f (.const:xdc_runtime_System_Module__gateObj__C)
                  0000984c    00000004     release_pem4f.oem4f (.const:xdc_runtime_System_abortFxn__C)
                  00009850    00000004     release_pem4f.oem4f (.const:xdc_runtime_System_exitFxn__C)
                  00009854    00000004     release_pem4f.oem4f (.const:xdc_runtime_System_extendFxn__C)
                  00009858    00000004     release_pem4f.oem4f (.const:xdc_runtime_System_maxAtexitHandlers__C)
                  0000985c    00000004     release_pem4f.oem4f (.const:xdc_runtime_Text_charTab__C)
                  00009860    00000004     release_pem4f.oem4f (.const:xdc_runtime_Text_nameEmpty__C)
                  00009864    00000004     release_pem4f.oem4f (.const:xdc_runtime_Text_nameStatic__C)
                  00009868    00000004     release_pem4f.oem4f (.const:xdc_runtime_Text_nameUnknown__C)
                  0000986c    00000003     ti_drivers_config.obj (.const)
                  0000986f    00000001     release_pem4f.oem4f (.const:xdc_runtime_Text_charTab__A)
                  00009870    00000002     release_pem4f.oem4f (.const:ti_sysbios_family_arm_msp432_init_Boot_bypassHFXT__C)
                  00009872    00000002     release_pem4f.oem4f (.const:ti_sysbios_family_arm_msp432_init_Boot_bypassLFXT__C)
                  00009874    00000002     release_pem4f.oem4f (.const:ti_sysbios_family_arm_msp432_init_Boot_enableHFXT__C)
                  00009876    00000002     release_pem4f.oem4f (.const:ti_sysbios_family_arm_msp432_init_Boot_enableLFXT__C)
                  00009878    00000002     release_pem4f.oem4f (.const:ti_sysbios_heaps_HeapMem_Module__id__C)
                  0000987a    00000002     release_pem4f.oem4f (.const:xdc_runtime_Memory_Module__id__C)
                  0000987c    00000002     release_pem4f.oem4f (.const:xdc_runtime_SysMin_flushAtExit__C)
                  0000987e    00000002     release_pem4f.oem4f (.const:xdc_runtime_Text_charCnt__C)
                  00009880    00000002     release_pem4f.oem4f (.const:xdc_runtime_Text_isLoaded__C)

.cinit     0    00009888    00000258     
                  00009888    00000230     (.cinit..data.load) [load image, compression = lzss]
                  00009ab8    0000000c     (__TI_handler_table)
                  00009ac4    00000004     --HOLE-- [fill = 0]
                  00009ac8    00000008     (.cinit..bss.load) [load image, compression = zero_init]
                  00009ad0    00000010     (__TI_cinit_table)

.init_array 
*          0    00000000    00000000     UNINITIALIZED

.bss       0    20008140    000017dd     UNINITIALIZED
                  20008140    00000400     (.common:task1Stack)
                  20008540    00000400     (.common:task2Stack)
                  20008940    00000400     (.common:task3Stack)
                  20008d40    00000400     (.common:xdc_runtime_SysMin_Module_State_0_outbuf__A)
                  20009140    00000200     release_pem4f.oem4f (.bss:taskStackSection)
                  20009340    00000140     (.common:ti_sysbios_family_arm_m3_Hwi_dispatchTable)
                  20009480    00000120     rtsv7M4_T_le_v4SPD16_eabi.lib : trgmsg.c.obj (.bss:_CIOBUF_)
                  200095a0    00000080     (.common:uartMSP432Objects)
                  20009620    00000068     (.common:timerMSP432Objects)
                  20009688    00000050     (.common:i2cMSP432Objects)
                  200096d8    00000050     (.common:task1Struct)
                  20009728    00000050     (.common:task2Struct)
                  20009778    00000050     (.common:task3Struct)
                  200097c8    0000003c     (.common:taskParams)
                  20009804    00000030     drivers_msp432p401x.aem4f : GPIOMSP432.oem4f (.bss:gpioCallbackInfo)
                  20009834    00000024     (.common:semParams)
                  20009858    00000024     (.common:uartParams)
                  2000987c    00000020     ti_drivers_config.obj (.bss:uartMSP432RingBuffer0)
                  2000989c    0000001c     (.common:semStruct)
                  200098b8    0000001c     (.common:semStruct2)
                  200098d4    0000000c     (.common:params)
                  200098e0    00000008     msp432p4xx_driverlib.lib : cs.o (.bss)
                  200098e8    00000008     (.common:parmbuf)
                  200098f0    00000004     drivers_msp432p401x.aem4f : GPIOMSP432.oem4f (.bss)
                  200098f4    00000004                               : TimerMSP432.oem4f (.bss:timerState)
                  200098f8    00000004     (.common:ClockP_tickPeriod)
                  200098fc    00000004     (.common:handle)
                  20009900    00000004     (.common:handle2)
                  20009904    00000004     (.common:message)
                  20009908    00000004     (.common:semHandle)
                  2000990c    00000004     (.common:semHandle2)
                  20009910    00000004     (.common:status)
                  20009914    00000004     (.common:ti_sysbios_knl_Task_Instance_State_0_hookEnv__A)
                  20009918    00000004     (.common:uart)
                  2000991c    00000001     (.common:input)

.data      0    20009920    00000673     UNINITIALIZED
                  20009920    00000140     drivers_msp432p401x.aem4f : PowerMSP432.oem4f (.data:PowerMSP432_perfLevels)
                  20009a60    00000088     sysbios.aem4f : BIOS.obj (.data:$O1$$)
                  20009ae8    00000080     release_pem4f.oem4f (.data:ti_sysbios_knl_Swi_Module_State_0_readyQ__A)
                  20009b68    00000080     release_pem4f.oem4f (.data:ti_sysbios_knl_Task_Module_State_0_readyQ__A)
                  20009be8    00000054     release_pem4f.oem4f (.data:ti_sysbios_gates_GateMutex_Object__table__V)
                  20009c3c    0000004c     release_pem4f.oem4f (.data:ti_sysbios_knl_Task_Object__table__V)
                  20009c88    00000044     release_pem4f.oem4f (.data:ti_sysbios_family_arm_msp432_Timer_Object__table__V)
                  20009ccc    00000044     release_pem4f.oem4f (.data:ti_sysbios_knl_Task_Module__state__V)
                  20009d10    00000034     release_pem4f.oem4f (.data:ti_sysbios_family_arm_m3_Hwi_Module__state__V)
                  20009d44    00000030     release_pem4f.oem4f (.data:ti_sysbios_knl_Swi_Object__table__V)
                  20009d74    0000002c     drivers_msp432p401x.aem4f : PowerMSP432.oem4f (.data:PowerMSP432_module)
                  20009da0    0000002c     release_pem4f.oem4f (.data:ti_sysbios_knl_Clock_Module__state__V)
                  20009dcc    00000024     release_pem4f.oem4f (.data:ti_sysbios_BIOS_Module__state__V)
                  20009df0    00000020     main_tirtos.obj (.data)
                  20009e10    00000020     release_pem4f.oem4f (.data:ti_sysbios_family_arm_msp432_Timer_Module_State_0_device__A)
                  20009e30    00000020     release_pem4f.oem4f (.data:xdc_runtime_Error_IgnoreBlock)
                  20009e50    0000001c     release_pem4f.oem4f (.data:ti_sysbios_knl_Swi_Module__state__V)
                  20009e6c    00000018     release_pem4f.oem4f (.data:ti_sysbios_family_arm_m3_Hwi_Object__table__V)
                  20009e84    00000018     release_pem4f.oem4f (.data:ti_sysbios_heaps_HeapMem_Object__table__V)
                  20009e9c    00000018     drivers_msp432p401x.aem4f : TimerMSP432.oem4f (.data:upConfig)
                  20009eb4    00000014     ti_drivers_config.obj (.data:gpioCallbackFunctions)
                  20009ec8    00000014     ti_drivers_config.obj (.data:gpioPinConfigs)
                  20009edc    00000010     release_pem4f.oem4f (.data:ti_sysbios_family_arm_msp432_Timer_Module_State_0_handles__A)
                  20009eec    0000000c     release_pem4f.oem4f (.data:ti_sysbios_family_arm_msp432_ClockFreqs_Module__state__V)
                  20009ef8    0000000c     release_pem4f.oem4f (.data:ti_sysbios_family_arm_msp432_Timer_Module__state__V)
                  20009f04    0000000c     release_pem4f.oem4f (.data:xdc_runtime_SysMin_Module__state__V)
                  20009f10    00000008     rtsv7M4_T_le_v4SPD16_eabi.lib : _lock.c.obj (.data:$O1$$)
                  20009f18    00000008     release_pem4f.oem4f (.data:ti_sysbios_family_arm_m3_Hwi_Module__root__V)
                  20009f20    00000008     release_pem4f.oem4f (.data:ti_sysbios_gates_GateHwi_Module__root__V)
                  20009f28    00000008     release_pem4f.oem4f (.data:ti_sysbios_gates_GateMutex_Module__root__V)
                  20009f30    00000008     release_pem4f.oem4f (.data:ti_sysbios_heaps_HeapMem_Module__root__V)
                  20009f38    00000008     release_pem4f.oem4f (.data:ti_sysbios_knl_Clock_Module__root__V)
                  20009f40    00000008     release_pem4f.oem4f (.data:ti_sysbios_knl_Queue_Module__root__V)
                  20009f48    00000008     release_pem4f.oem4f (.data:ti_sysbios_knl_Semaphore_Module__root__V)
                  20009f50    00000008     release_pem4f.oem4f (.data:ti_sysbios_knl_Task_Module__root__V)
                  20009f58    00000008     release_pem4f.oem4f (.data:xdc_runtime_Startup_Module__state__V)
                  20009f60    00000008     release_pem4f.oem4f (.data:xdc_runtime_System_Module_State_0_atexitHandlers__A)
                  20009f68    00000008     release_pem4f.oem4f (.data:xdc_runtime_System_Module__state__V)
                  20009f70    00000004     rtsv7M4_T_le_v4SPD16_eabi.lib : stkdepth_vars.c.obj (.data)
                  20009f74    00000004     release_pem4f.oem4f (.data:ti_sysbios_family_arm_m3_Hwi_Module_State_0_excContext__A)
                  20009f78    00000004     release_pem4f.oem4f (.data:ti_sysbios_family_arm_m3_Hwi_Module_State_0_excStack__A)
                  20009f7c    00000004     release_pem4f.oem4f (.data:ti_sysbios_gates_GateHwi_Object__table__V)
                  20009f80    00000004     release_pem4f.oem4f (.data:ti_sysbios_knl_Task_Module_State_0_idleTask__A)
                  20009f84    00000004     release_pem4f.oem4f (.data:ti_sysbios_rts_ti_ReentSupport_Module__state__V)
                  20009f88    00000004     release_pem4f.oem4f (.data:xdc_runtime_Memory_Module__state__V)
                  20009f8c    00000002     drivers_msp432p401x.aem4f : GPIOMSP432.oem4f (.data)
                  20009f8e    00000002     release_pem4f.oem4f (.data:ti_sysbios_family_arm_m3_Hwi_Module_State_0_excActive__A)
                  20009f90    00000001     drivers_msp432p401x.aem4f : I2C.oem4f (.data)
                  20009f91    00000001                               : Timer.oem4f (.data)
                  20009f92    00000001                               : UART.oem4f (.data)

.priheap   0    20000140    00008000     UNINITIALIZED
                  20000140    00008000     --HOLE--

.stack     0    2000fc00    00000400     UNINITIALIZED
                  2000fc00    00000400     --HOLE--

.bootVecs 
*          0    00000000    00000008     DSECT
                  00000000    00000008     boot.aem4f : boot.oem4f (.bootVecs)

.resetVecs 
*          0    00000000    0000003c     
                  00000000    0000003c     release_pem4f.oem4f (.resetVecs)

.vecs      0    20000000    00000140     NOLOAD SECTION
                  20000000    00000140     release_pem4f.oem4f (.vecs)

xdc.meta   0    00000000    000000fe     COPY SECTION
                  00000000    000000fe     release_pem4f.oem4f (xdc.meta)

xdc.noload 
*          0    00000000    00000000     COPY SECTION

.binit     0    00000000    00000000     

MODULE SUMMARY

       Module                       code    ro data   rw data
       ------                       ----    -------   -------
    .\
       main_tirtos.obj              1696    0         7146   
    +--+----------------------------+-------+---------+---------+
       Total:                       1696    0         7146   
                                                             
    .\App\
       app.obj                      4606    0         0      
    +--+----------------------------+-------+---------+---------+
       Total:                       4606    0         0      
                                                             
    .\Basic\Delay\
       delay.obj                    64      0         0      
    +--+----------------------------+-------+---------+---------+
       Total:                       64      0         0      
                                                             
    .\Hardware\myiic\
       myiic.obj                    896     0         0      
    +--+----------------------------+-------+---------+---------+
       Total:                       896     0         0      
                                                             
    .\Module\pca9685\
       pca9685.obj                  600     0         0      
    +--+----------------------------+-------+---------+---------+
       Total:                       600     0         0      
                                                             
    .\syscfg\
       ti_drivers_config.obj        14      239       768    
    +--+----------------------------+-------+---------+---------+
       Total:                       14      239       768    
                                                             
    C:\Users\Justin\workspace_v9\tirtos_builds_MSP_EXP432P401R_release_ccs\Debug\configPkg\package\cfg\
       release_pem4f.oem4f          1934    1166      6436   
    +--+----------------------------+-------+---------+---------+
       Total:                       1934    1166      6436   
                                                             
    C:/ti/simplelink_msp432p4_sdk_3_30_00_13/kernel/tirtos/packages/ti/dpl/lib/dpl_msp432p401x.aem4f
       SemaphoreP_tirtos.oem4f      146     0         0      
       ClockP_tirtos.oem4f          114     0         8      
       PowerMSP432_tirtos.oem4f     122     0         0      
       HwiP_tirtos.oem4f            96      0         0      
    +--+----------------------------+-------+---------+---------+
       Total:                       478     0         8      
                                                             
    C:/ti/simplelink_msp432p4_sdk_3_30_00_13/source/ti/devices/msp432p4xx/driverlib/ccs/msp432p4xx_driverlib.lib
       pcm.o                        1770    0         0      
       cs.o                         1008    0         16     
       uart.o                       284     0         0      
       i2c.o                        108     0         0      
       sysctl_a.o                   64      0         0      
       rtc_c.o                      44      0         0      
       wdt_a.o                      36      0         0      
       cpu.o                        28      0         0      
       interrupt.o                  16      0         0      
       sysctl.o                     16      0         0      
    +--+----------------------------+-------+---------+---------+
       Total:                       3374    0         16     
                                                             
    C:/ti/simplelink_msp432p4_sdk_3_30_00_13/source/ti/drivers/lib/drivers_msp432p401x.aem4f
       UARTMSP432.oem4f             3380    81        0      
       PowerMSP432.oem4f            2196    0         728    
       I2CMSP432.oem4f              2028    36        0      
       TimerMSP432.oem4f            1806    124       56     
       GPIOMSP432.oem4f             828     12        108    
       UART.oem4f                   176     36        2      
       RingBuf.oem4f                184     0         0      
       Timer.oem4f                  168     12        2      
       List.oem4f                   76      0         0      
       I2C.oem4f                    68      0         2      
    +--+----------------------------+-------+---------+---------+
       Total:                       10910   301       898    
                                                             
    C:\Users\Justin\workspace_v9\tirtos_builds_MSP_EXP432P401R_release_ccs\src\sysbios\sysbios.aem4f
       BIOS.obj                     9063    0         272    
       m3_Hwi_asm.obj               318     0         0      
       m3_TaskSupport_asm.obj       180     0         0      
       m3_Hwi_asm_switch.obj        118     0         0      
    +--+----------------------------+-------+---------+---------+
       Total:                       9679    0         272    
                                                             
    C:\ti\ccs910\ccs\tools\compiler\ti-cgt-arm_18.12.3.LTS\lib\rtsv7M4_T_le_v4SPD16_eabi.lib
       trgmsg.c.obj                 108     0         576    
       fd_add_t2.asm.obj            438     0         0      
       fd_div_t2.asm.obj            310     0         0      
       fd_cmp_t2.asm.obj            268     0         0      
       fd_mul_t2.asm.obj            252     0         0      
       s_floor.c.obj                248     0         0      
       memcpy_t2.asm.obj            156     0         0      
       memset_t2.asm.obj            122     0         0      
       copy_decompress_lzss.c.obj   104     0         0      
       hostwrite.c.obj              88      0         0      
       cpy_tbl.c.obj                76      0         0      
       fd_toi_t2.asm.obj            72      0         0      
       fd_tou_t2.asm.obj            68      0         0      
[...]
0000901d  _register_lock                                                  
00009029  _register_unlock                                                
00009035  __TI_zero_init                                                  
00009041  ti_sysbios_family_arm_m3_Hwi_Params__init__S                    
00009041  ti_sysbios_hal_Hwi_HwiProxy_Params__init__S                     
00009051  ti_sysbios_family_arm_m3_Hwi_disableFxn__E                      
00009051  ti_sysbios_hal_Hwi_HwiProxy_disable__E                          
00009061  ti_sysbios_family_arm_m3_TaskSupport_getStackAlignment__E       
00009061  ti_sysbios_knl_Task_SupportProxy_getStackAlignment__E           
00009071  ti_sysbios_family_arm_msp432_Timer_getMaxTicks__E               
00009081  ti_sysbios_gates_GateHwi_enter__E                               
0000908d  ti_sysbios_knl_Clock_Params__init__S                            
00009099  ti_sysbios_knl_Queue_Object__get__S                             
000090a5  ti_sysbios_knl_Semaphore_Params__init__S                        
000090bd  ti_sysbios_knl_Task_Params__init__S                             
000090c9  ti_sysbios_rts_ti_ReentSupport_taskRegHook__I                   
000090d9  xdc_runtime_Gate_enterSystem__E                                 
000090e9  xdc_runtime_Memory_calloc__E                                    
000090f9  xdc_runtime_Startup_rtsDone__E                                  
00009105  ClockP_Params_init                                              
0000910f  Timer_start                                                     
00009119  Timer_stop                                                      
00009123  UART_control                                                    
0000912d  UART_read                                                       
00009137  xdc_runtime_Memory_HeapProxy_alloc__E                           
00009141  xdc_runtime_Memory_HeapProxy_free__E                            
0000914b  SemaphoreP_Params_init                                          
00009169  ti_sysbios_family_arm_m3_Hwi_doSwiRestore__I                    
00009171  ti_sysbios_family_arm_m3_Hwi_startup__E                         
00009171  ti_sysbios_hal_Hwi_HwiProxy_startup__E                          
00009171  ti_sysbios_hal_Hwi_startup__E                                   
00009189  ti_sysbios_family_arm_m3_Hwi_doTaskRestore__I                   
00009191  HwiP_restore                                                    
00009191  ti_sysbios_family_arm_m3_Hwi_restoreFxn__E                      
00009191  ti_sysbios_hal_Hwi_HwiProxy_restore__E                          
00009199  ti_sysbios_gates_GateHwi_leave__E                               
000091a1  ti_sysbios_heaps_HeapMem_isBlocking__E                          
000091a9  ti_sysbios_knl_Clock_stop__E                                    
000091b1  ti_sysbios_knl_Queue_Instance_init__E                           
000091b9  ti_sysbios_knl_Swi_startup__E                                   
000091c1  xdc_runtime_System_Module_startup__E                            
000091c9  ti_sysbios_gates_GateHwi_query__E                               
000091c9  xdc_runtime_Main_Module_GateProxy_query__E                      
000091c9  xdc_runtime_System_Module_GateProxy_query__E                    
000091d1  ti_sysbios_BIOS_RtsGateProxy_query__E                           
000091d1  ti_sysbios_gates_GateMutex_query__E                             
000091d1  ti_sysbios_heaps_HeapMem_Module_GateProxy_query__E              
000091d9  ti_sysbios_knl_Clock_setTimeout__E                              
000091e1  ti_sysbios_knl_Task_startup__E                                  
000091e9  xdc_runtime_System_printf_va__F                                 
000091f1  ti_sysbios_BIOS_linkedWithIncorrectBootLibrary__E               
000091f9  ti_sysbios_gates_GateHwi_Instance_init__E                       
00009201  ti_sysbios_knl_Clock_logTick__E                                 
00009209  xdc_runtime_System_abortSpin__E                                 
00009211  xdc_runtime_System_exitSpin__E                                  
000092ac  ti_sysbios_knl_Task_Object__PARAMS__C                           
000092e8  PowerMSP432_config                                              
00009320  ti_sysbios_family_arm_m3_Hwi_Object__PARAMS__C                  
0000937c  UARTMSP432_fxnTable                                             
000093a4  ti_sysbios_heaps_HeapMem_Module__FXNS__C                        
000093cc  xdc_runtime_Startup_sfxnTab__A                                  
000093f4  UART_defaultParams                                              
00009418  ti_sysbios_gates_GateHwi_Module__FXNS__C                        
0000943c  ti_sysbios_gates_GateMutex_Module__FXNS__C                      
00009460  ti_sysbios_heaps_HeapMem_Object__PARAMS__C                      
00009484  ti_sysbios_knl_Clock_Object__PARAMS__C                          
000094a8  ti_sysbios_knl_Semaphore_Object__PARAMS__C                      
000094cc  TimerMSP432HWAttrs                                              
000094ec  TimerMSP432_Timer32_fxnTable                                    
0000952c  ti_sysbios_family_arm_m3_Hwi_Object__DESC__C                    
0000954c  ti_sysbios_gates_GateHwi_Object__DESC__C                        
0000956c  ti_sysbios_gates_GateMutex_Object__DESC__C                      
0000958c  ti_sysbios_heaps_HeapMem_Object__DESC__C                        
000095ac  ti_sysbios_knl_Clock_Object__DESC__C                            
000095cc  ti_sysbios_knl_Queue_Object__DESC__C                            
000095ec  ti_sysbios_knl_Semaphore_Object__DESC__C                        
0000960c  ti_sysbios_knl_Task_Object__DESC__C                             
0000962c  I2CMSP432_fxnTable                                              
00009644  Timer_config                                                    
0000965c  ti_sysbios_gates_GateHwi_Object__PARAMS__C                      
00009674  ti_sysbios_gates_GateMutex_Object__PARAMS__C                    
0000968c  ti_sysbios_knl_Queue_Object__PARAMS__C                          
000096a4  ti_sysbios_knl_Task_hooks__A                                    
000096bc  GPIOMSP432_config                                               
000096d0  i2cMSP432HWAttrs                                                
000096e4  xdc_runtime_Startup_sfxnRts__A                                  
00009708  I2C_config                                                      
00009714  UART_config                                                     
00009744  xdc_runtime_Startup_firstFxns__A                                
00009750  ti_sysbios_knl_Idle_funcList__A                                 
00009758  ti_sysbios_knl_Idle_funcList__C                                 
00009760  ti_sysbios_knl_Task_hooks__C                                    
00009768  xdc_runtime_Startup_firstFxns__C                                
00009770  xdc_runtime_Startup_lastFxns__C                                 
00009789  xdc_runtime_Error_policy__C                                     
0000978e  ti_sysbios_family_arm_m3_Hwi_Module__id__C                      
00009790  ti_sysbios_family_arm_m3_Hwi_E_alreadyDefined__C                
00009794  ti_sysbios_family_arm_m3_Hwi_E_badIntNum__C                     
00009798  ti_sysbios_family_arm_m3_Hwi_NUM_INTERRUPTS__C                  
0000979c  ti_sysbios_family_arm_m3_Hwi_Object__count__C                   
000097a0  ti_sysbios_family_arm_m3_Hwi_ccr__C                             
000097a4  ti_sysbios_family_arm_m3_Hwi_excHandlerFunc__C                  
000097a8  ti_sysbios_family_arm_m3_Hwi_nullIsrFunc__C                     
000097ac  ti_sysbios_family_arm_m3_Hwi_priGroup__C                        
000097b0  ti_sysbios_family_arm_m3_Hwi_swiDisable__C                      
000097b4  ti_sysbios_family_arm_m3_Hwi_swiRestore__C                      
000097b8  ti_sysbios_family_arm_m3_TaskSupport_stackAlignment__C          
000097bc  ti_sysbios_family_arm_msp432_Timer_numTimerDevices__C           
000097c0  ti_sysbios_family_arm_msp432_Timer_startupNeeded__C             
000097c4  ti_sysbios_gates_GateMutex_Instance_State_sem__O                
000097c8  ti_sysbios_heaps_HeapMem_E_memory__C                            
000097cc  ti_sysbios_heaps_HeapMem_Module__gateObj__C                     
000097d0  ti_sysbios_heaps_HeapMem_Object__count__C                       
000097d4  ti_sysbios_heaps_HeapMem_primaryHeapBaseAddr__C                 
000097d8  ti_sysbios_heaps_HeapMem_primaryHeapEndAddr__C                  
000097dc  ti_sysbios_heaps_HeapMem_reqAlign__C                            
000097e0  ti_sysbios_knl_Clock_Module_State_clockQ__O                     
000097e4  ti_sysbios_knl_Clock_tickPeriod__C                              
000097e8  ti_sysbios_knl_Mailbox_Instance_State_freeQue__O                
000097ec  ti_sysbios_knl_Mailbox_Object__count__C                         
000097f0  ti_sysbios_knl_Mailbox_maxTypeAlign__C                          
000097f4  ti_sysbios_knl_Semaphore_Instance_State_pendQ__O                
000097f8  ti_sysbios_knl_Swi_Object__count__C                             
000097fc  ti_sysbios_knl_Task_Module_State_inactiveQ__O                   
00009800  ti_sysbios_knl_Task_Object__count__C                            
00009804  ti_sysbios_knl_Task_Object__heap__C                             
00009808  ti_sysbios_knl_Task_allBlockedFunc__C                           
0000980c  ti_sysbios_knl_Task_defaultStackHeap__C                         
00009810  ti_sysbios_knl_Task_defaultStackSize__C                         
00009814  ti_sysbios_knl_Task_numConstructedTasks__C                      
00009818  xdc_runtime_Error_E_memory__C                                   
0000981c  xdc_runtime_Error_policyFxn__C                                  
00009820  xdc_runtime_IGateProvider_Interface__BASE__C                    
00009824  xdc_runtime_IHeap_Interface__BASE__C                            
00009828  xdc_runtime_IModule_Interface__BASE__C                          
0000982c  xdc_runtime_Memory_defaultHeapInstance__C                       
00009830  xdc_runtime_Startup_execImpl__C                                 
00009834  xdc_runtime_Startup_maxPasses__C                                
00009838  xdc_runtime_Startup_sfxnRts__C                                  
0000983c  xdc_runtime_Startup_sfxnTab__C                                  
00009840  xdc_runtime_SysMin_bufSize__C                                   
00009844  xdc_runtime_SysMin_outputFunc__C                                
00009848  xdc_runtime_System_Module__gateObj__C                           
0000984c  xdc_runtime_System_abortFxn__C                                  
00009850  xdc_runtime_System_exitFxn__C                                   
00009854  xdc_runtime_System_extendFxn__C                                 
00009858  xdc_runtime_System_maxAtexitHandlers__C                         
0000985c  xdc_runtime_Text_charTab__C                                     
00009860  xdc_runtime_Text_nameEmpty__C                                   
00009864  xdc_runtime_Text_nameStatic__C                                  
00009868  xdc_runtime_Text_nameUnknown__C                                 
0000986c  I2C_count                                                       
0000986d  Timer_count                                                     
0000986e  UART_count                                                      
0000986f  xdc_runtime_Text_charTab__A                                     
00009870  ti_sysbios_family_arm_msp432_init_Boot_bypassHFXT__C            
00009872  ti_sysbios_family_arm_msp432_init_Boot_bypassLFXT__C            
00009874  ti_sysbios_family_arm_msp432_init_Boot_enableHFXT__C            
00009876  ti_sysbios_family_arm_msp432_init_Boot_enableLFXT__C            
00009878  ti_sysbios_heaps_HeapMem_Module__id__C                          
0000987a  xdc_runtime_Memory_Module__id__C                                
0000987c  xdc_runtime_SysMin_flushAtExit__C                               
0000987e  xdc_runtime_Text_charCnt__C                                     
00009880  xdc_runtime_Text_isLoaded__C                                    
00009888  __TI_static_base__                                              
00009ab8  __TI_Handler_Table_Base                                         
00009ac4  __TI_Handler_Table_Limit                                        
00009ad0  __TI_CINIT_Base                                                 
00009ae0  __TI_CINIT_Limit                                                
20000000  ti_sysbios_family_arm_m3_Hwi_ramVectors                         
20000140  __primary_heap_start__                                          
20008140  __primary_heap_end__                                            
20008140  task1Stack                                                      
20008540  task2Stack                                                      
20008940  task3Stack                                                      
20008d40  xdc_runtime_SysMin_Module_State_0_outbuf__A                     
20009140  ti_sysbios_knl_Task_Instance_State_0_stack__A                   
20009340  ti_sysbios_family_arm_m3_Hwi_dispatchTable                      
20009480  __CIOBUF_                                                       
200095a0  uartMSP432Objects                                               
20009620  timerMSP432Objects                                              
20009688  i2cMSP432Objects                                                
200096d8  task1Struct                                                     
20009728  task2Struct                                                     
20009778  task3Struct                                                     
200097c8  taskParams                                                      
20009834  semParams                                                       
20009858  uartParams                                                      
2000989c  semStruct                                                       
200098b8  semStruct2                                                      
200098d4  params                                                          
200098e8  parmbuf                                                         
200098f8  ClockP_tickPeriod                                               
200098fc  handle                                                          
20009900  handle2                                                         
20009904  message                                                         
20009908  semHandle                                                       
2000990c  semHandle2                                                      
20009910  status                                                          
20009914  ti_sysbios_knl_Task_Instance_State_0_hookEnv__A                 
20009918  uart                                                            
2000991c  input                                                           
20009920  PowerMSP432_perfLevels                                          
20009ae8  ti_sysbios_knl_Swi_Module_State_0_readyQ__A                     
20009b68  ti_sysbios_knl_Task_Module_State_0_readyQ__A                    
20009be8  ti_sysbios_gates_GateMutex_Object__table__V                     
20009c3c  ti_sysbios_knl_Task_Object__table__V                            
20009c88  ti_sysbios_family_arm_msp432_Timer_Object__table__V             
20009ccc  ti_sysbios_knl_Task_Module__state__V                            
20009d10  ti_sysbios_family_arm_m3_Hwi_Module__state__V                   
20009d44  ti_sysbios_knl_Swi_Object__table__V                             
20009d74  PowerMSP432_module                                              
20009da0  ti_sysbios_knl_Clock_Module__state__V                           
20009dcc  ti_sysbios_BIOS_Module__state__V                                
20009df0  new                                                             
20009df4  topUS                                                           
20009df8  botUS                                                           
20009dfc  sum                                                             
20009e00  us                                                              
20009e04  traverse                                                        
20009e08  blocked                                                         
20009e0c  alt                                                             
20009e10  ti_sysbios_family_arm_msp432_Timer_Module_State_0_device__A     
20009e30  xdc_runtime_Error_IgnoreBlock                                   
20009e50  ti_sysbios_knl_Swi_Module__state__V                             
20009e6c  ti_sysbios_family_arm_m3_Hwi_Object__table__V                   
20009e84  ti_sysbios_heaps_HeapMem_Object__table__V                       
20009eb4  gpioCallbackFunctions                                           
20009ec8  gpioPinConfigs                                                  
20009edc  ti_sysbios_family_arm_msp432_Timer_Module_State_0_handles__A    
20009eec  ti_sysbios_family_arm_msp432_ClockFreqs_Module__state__V        
20009ef8  ti_sysbios_family_arm_msp432_Timer_Module__state__V             
20009f04  xdc_runtime_SysMin_Module__state__V                             
20009f10  _lock                                                           
20009f14  _unlock                                                         
20009f18  ti_sysbios_family_arm_m3_Hwi_Module__root__V                    
20009f20  ti_sysbios_gates_GateHwi_Module__root__V                        
20009f28  ti_sysbios_gates_GateMutex_Module__root__V                      
20009f30  ti_sysbios_heaps_HeapMem_Module__root__V                        
20009f38  ti_sysbios_knl_Clock_Module__root__V                            
20009f40  ti_sysbios_knl_Queue_Module__root__V                            
20009f48  ti_sysbios_knl_Semaphore_Module__root__V                        
20009f50  ti_sysbios_knl_Task_Module__root__V                             
20009f58  xdc_runtime_Startup_Module__state__V                            
20009f60  xdc_runtime_System_Module_State_0_atexitHandlers__A             
20009f68  xdc_runtime_System_Module__state__V                             
20009f70  main_func_sp                                                    
20009f74  ti_sysbios_family_arm_m3_Hwi_Module_State_0_excContext__A       
20009f78  ti_sysbios_family_arm_m3_Hwi_Module_State_0_excStack__A         
20009f7c  ti_sysbios_gates_GateHwi_Object__table__V                       
20009f80  ti_sysbios_knl_Task_Module_State_0_idleTask__A                  
20009f84  ti_sysbios_rts_ti_ReentSupport_Module__state__V                 
20009f88  xdc_runtime_Memory_Module__state__V                             
20009f8e  ti_sysbios_family_arm_m3_Hwi_Module_State_0_excActive__A        
2000fc00  __stack                                                         
20010000  __STACK_END                                                     
4000480c  WDTCTL_SYM                                                      
e000e000  ti_sysbios_family_arm_m3_Hwi_nvic                               
ffffffff  __TI_pprof_out_hndl                                             
ffffffff  __TI_prof_data_size                                             
ffffffff  __TI_prof_data_start                                            
ffffffff  __binit__                                                       
ffffffff  __c_args__                                                      
ffffffff  binit                                                           
UNDEFED   SHT$$INIT_ARRAY$$Base                                           
UNDEFED   SHT$$INIT_ARRAY$$Limit                                          

[653 symbols]
